# Targets no aggregate suite reaches. See UNWIRED in
# tools/audit_tests.py: this is recorded debt, and the
# gate is that it does not GROW.
test-aac
test-aac-conformance
test-aac-fetch
test-aes-ni
test-ahci
test-ahci-gpt
test-ahci-mbr
test-ahci-raw
test-ahci-two
test-arena
test-arp-host
test-as
test-as-asan
test-as-bcstable
test-as-cap
test-as-cap-os
test-as-crosscheck
test-as-diag
test-as-diag-negctl-guard
test-as-diag-negctl-line
test-as-fast
test-as-gcstress
test-as-m28
test-as-os
test-as-shipped
test-as-shipped-all
test-as-stress
test-ash
test-asview
test-asview-draw
test-audio
test-audio-codec-fuzz
test-audio-codec-os
test-audio-codec-units
test-audio-codecs
test-audio-mix
test-audio-none
test-audio-pcm
test-audio-underrun
test-audio-wav
test-audit
test-audit-list
test-aui
test-aui-mask
test-avsync
test-barrier
test-bidi
test-bing
test-browser
test-browser-https
test-bulkread
test-ch
test-ch-host
test-ch-refusal
test-clip
test-clip-host
test-clock
test-complete
test-cookie-cors
test-cookie-cors-asan
test-cpufeat
test-crypto
test-crypto-bench-gate
test-css-anim
test-css-asan
test-css-fidelity
test-css-interp
test-css-interp-asan
test-css-modern
test-css-modern-os
test-cssd-canon
test-cssom
test-cssom-abi
test-cssprops
test-csstext
test-csstext-all
test-csstext-asan
test-csstyle
test-demux
test-demux-expect
test-demux-fuzz
test-demux-lacing
test-demux-os
test-demux-units
test-desktop
test-desktop-look
test-desktop-os
test-devmodel
test-devmodel-a
test-devmodel-b
test-dhcp-host
test-dhcp-os
test-dom-bindings
test-dom-bindings-asan
test-dom-device
test-dom-iface
test-domparser
test-ed25519
test-ed25519-x509
test-encoding
test-entropy
test-eth-host
test-eventloop
test-events
test-evq
test-exec
test-exec-asan
test-exec-bases
test-exec-fuzz
test-exec-os
test-fb-clip
test-fetch-ui
test-flac
test-flash
test-flex
test-font
test-font-color
test-font-fuzz
test-font-otl
test-forms
test-forms-asan
test-forms-ce-device
test-forms-device
test-frameworks
test-freeze
test-fullsystem
test-gcm256
test-gfx
test-gfx-clip
test-gfx-paint
test-gfx-raster
test-gfx-stroke
test-glass
test-glyph-agree
test-greeter-ui
test-grid
test-grid-align
test-grid-asan
test-grid-parse
test-grid-place
test-grid-size
test-h2
test-h2-fuzz
test-h2-os
test-h264
test-h264-pts
test-h264-real
test-h264-units
test-h265
test-h265-asan
test-h265-b
test-h265-m10
test-h265-scaling
test-h265-units
test-h265-units-asan
test-h2mux
test-h2mux-asan
test-handshakes
test-html5lib
test-html5lib-asan
test-html5lib-tok
test-http-fuzz
test-httpd
test-https-smoke
test-hugefile
test-identity
test-img
test-img-anim
test-img-exif
test-img-fuzz
test-img-late
test-img-still
test-imgcheck
test-input
test-ip-arp-host
test-ip6
test-ip6-dns
test-ip6-fallback
test-ip6-host
test-ip6-os
test-jpeg
test-js-dom-asan
test-js-dynimport
test-js-stack
test-js-syntax
test-kheap
test-klog
test-layout-box
test-leak
test-leak-os
test-libc
test-libc-err
test-libc-host
test-libc2
test-libm-cli
test-libm-host
test-link
test-link-host
test-link-nics
test-link-os
test-live-page
test-loader
test-loader-asan
test-login
test-login-asan
test-login-os
test-malloc
test-menu
test-mm
test-mm-os
test-mmsim
test-modules
test-monitor
test-motion
test-mp3
test-mse
test-mse-asan
test-mse-os
test-nd-host
test-net
test-net-drivers
test-net-os
test-net-proto
test-net-rx
test-nic
test-nic-drv
test-nic-e1000
test-nic-none
test-nic-rtl8139
test-nic-virtio
test-notify
test-notify-cost
test-nvme
test-ocsp
test-p521
test-panic
test-panic-log
test-part
test-part-asan
test-pci
test-perf-gate
test-pkg
test-pkg-os
test-platform
test-platform-asan
test-platform-page
test-png
test-power
test-pref
test-preview
test-preview-assoc
test-prof
test-prof-all
test-prof-host
test-pwhash
test-range
test-range-asan
test-range-wire
test-reflect
test-reflect-table
test-reftest
test-reftest-ahem
test-script-nav
test-sec
test-sec-report
test-selectors
test-selfhost
test-selfhost-compile
test-selfhost-fixpoint
test-selfhost-lex
test-semantics
test-settings
test-settings-host
test-settings-os
test-settings-ui
test-sh
test-shape
test-shape-device
test-shell
test-shell-as
test-signal
test-signal-all
test-simd-os
test-smp
test-smp-fork-storm
test-smp-fork-storm-1core
test-sniff
test-sock
test-sock-ui
test-sockserv
test-sse-page
test-statmeta
test-statmeta-os
test-stream
test-stream-asan
test-svg
test-swap
test-sweep
test-sweep-confirm
test-sweep-host
test-tabs
test-tabs-asan
test-tcp-host
test-tcp-server
test-term-gui
test-term-host
test-term-proto
test-term-ui
test-text
test-thread
test-time
test-time-host
test-time-smp
test-tls-interop
test-tls-psk
test-uefi
test-urlelem
test-usb
test-usb-both
test-usb-desc
test-usb-hid
test-usb-host
test-usb-none
test-usb-os
test-usb-ring
test-usersettings
test-usersettings-host
test-vfs
test-vfs-mount
test-vfs-mount-asan
test-vfs-os
test-vfs-path
test-vfs-path-asan
test-vidbench
test-vidbench-guest
test-vidbench-host
test-video
test-video265
test-vorbis
test-wav
test-webapi
test-webapi-asan
test-webapi-page
test-webp-vp8
test-window
test-window-apps
test-wpt
test-wpt-depth
test-wpt-events
test-wpt-events-all
test-wpt-harness
test-wpt-link
test-wpt-order
test-x509-fuzz
