clang -O2 -Wall -Wextra -DSTORAGE_BACKEND_TEST -DSTORAGE_PERSIST_NO_WRITE -Ic/apps/browser -o build-expand/storage_persistence_negctl tests/unit/storage_persistence_test.c c/apps/browser/storage_backend.c
ok: disk store loads
ok: real file write commits
ok: session write stays local
ok: disk store loads
FAIL: new process restores exact local bytes
ok: new process has no previous session
clang -O2 -Wall -Wextra -DSTORAGE_BACKEND_TEST -Ic/apps/browser -o build-expand/storage_persistence_test tests/unit/storage_persistence_test.c c/apps/browser/storage_backend.c
clang -O2 -w -Ic/apps/browser -Ic/lib/image -Ic/net/http -Ic/lib/text -Ic/lib/gfx -Iinclude/abi -Iinclude/abi -Ithird_party/libm -Ithird_party/quickjs     -DCONFIG_VERSION='"host"' -DWEBAPI_HOST -o build-expand/storage_persistence_js_test c/apps/browser/js_webapi.c c/net/http/http1.c c/net/http/url.c c/net/http/cookies.c tests/unit/rust_host_shim.c tests/unit/storage_persistence_js_test.c third_party/quickjs/quickjs.c third_party/quickjs/cutils.c third_party/quickjs/libregexp.c third_party/quickjs/libunicode.c third_party/quickjs/libbf.c rust/target/release/liblogit_rust.a -lm
clang -O2 -Wall -Wextra -DSTORAGE_BACKEND_TEST -DSTORAGE_PERSIST_PREFIX_READ -Ic/apps/browser -o build-expand/storage_persistence_prefix_negctl tests/unit/storage_persistence_test.c c/apps/browser/storage_backend.c
ok: disk store loads
ok: real file write commits
ok: session write stays local
ok: disk store loads
FAIL: new process restores exact local bytes
ok: new process has no previous session
ok  : binding attaches persistent store
ok  : binding reads committed bytes
ok  : binding reopens store
ok  : binding reopen restores local but not session
ok  : failed persistent set throws and preserves old map
ok  : failed persistent remove throws and preserves old map
ok  : failed persistent clear throws and preserves old map
ok  : disk failure leaves session storage usable
ok  : reopen releases failed commit latch
ok  : removed store reopens
ok  : removed key remains absent after reopen
ok  : binding reports corrupt snapshot state
ok  : corrupt local get does not masquerade as empty state
ok  : corrupt local length does not masquerade as empty state
ok  : corrupt local key reports failure
ok  : corrupt local snapshots do not block session
storage-persistence-js: 16 checks, 0 failures
ok: fresh store opens
ok: seed commits
ok: NUL key value commits
ok: second origin commits
ok: session mutation performs no disk IO
ok: reopen succeeds
ok: reopen restores persisted local value
ok: reopen preserves embedded NUL bytes
ok: reopen preserves separate origins
ok: reopen discards all session areas
ok: remove commits
ok: remove survives reopen
ok: remaining key order survives reopen
ok: clear commits
ok: clear survives reopen without losing other origin
ok: fresh store opens
ok: seed commits
ok: second generation commits
ok: corrupt newest slot falls back to previous valid generation
ok: recovery writes damaged slot
ok: recovery persists
ok: fresh store opens
ok: seed commits
ok: negative write result is failure
ok: write failure keeps old in-memory value
ok: uncertain commit blocks later writes until reopen
ok: disk failure does not disable session storage
ok: failed write retained prior on-disk slot
ok: fresh store opens
ok: seed commits
ok: short positive write is failure
ok: torn slot recovers last valid value
ok: fresh store opens
ok: seed commits
ok: readback detects lying successful write
ok: readback corruption preserves old slot
ok: fresh store opens
ok: seed commits
ok: success without bytes is rejected
ok: silent no-write leaves old bytes
ok: fresh store opens
ok: seed commits
ok: documented zero-success adapter accepted after readback
ok: zero-success adapter persisted exact bytes
ok: fresh store opens
ok: seed commits
ok: clear failure preserves memory
ok: remove failure preserves memory
ok: fresh store opens
ok: seed commits
ok: only corrupt snapshot refuses restore
ok: corrupt store is not overwritten with empty state
ok: fresh store opens
ok: seed commits
ok: restore allocation failure is explicit
ok: allocation failure does not alter saved bytes
ok: fresh store opens
ok: seed commits
ok: mutation allocation failure preserves value
ok: quota enforced before persistence
ok: quota failure preserves persisted old value
storage-persistence: 61 checks, 0 failures
ok: disk store loads
ok: real file write commits
ok: session write stays local
ok: disk store loads
ok: new process restores exact local bytes
ok: new process has no previous session
