ok: fresh store opens
ok: seed commits
ok: NUL key value commits
ok: second origin commits
ok: session mutation performs no disk IO
ok: reopen succeeds
ok: reopen restores persisted local value
ok: reopen preserves embedded NUL bytes
ok: reopen preserves separate origins
ok: reopen discards all session areas
ok: remove commits
ok: remove survives reopen
ok: remaining key order survives reopen
ok: clear commits
ok: clear survives reopen without losing other origin
ok: fresh store opens
ok: seed commits
ok: second generation commits
ok: corrupt newest slot falls back to previous valid generation
ok: recovery writes damaged slot
ok: recovery persists
ok: fresh store opens
ok: seed commits
ok: negative write result is failure
ok: write failure keeps old in-memory value
ok: uncertain commit blocks later writes until reopen
ok: disk failure does not disable session storage
ok: failed write retained prior on-disk slot
ok: fresh store opens
ok: seed commits
ok: short positive write is failure
ok: torn slot recovers last valid value
ok: fresh store opens
ok: seed commits
ok: readback detects lying successful write
ok: readback corruption preserves old slot
ok: fresh store opens
ok: seed commits
ok: success without bytes is rejected
ok: silent no-write leaves old bytes
ok: fresh store opens
ok: seed commits
ok: documented zero-success adapter accepted after readback
ok: zero-success adapter persisted exact bytes
ok: fresh store opens
ok: seed commits
ok: clear failure preserves memory
ok: remove failure preserves memory
ok: fresh store opens
ok: seed commits
ok: only corrupt snapshot refuses restore
ok: corrupt store is not overwritten with empty state
ok: fresh store opens
ok: seed commits
ok: restore allocation failure is explicit
ok: allocation failure does not alter saved bytes
ok: fresh store opens
ok: seed commits
ok: mutation allocation failure preserves value
ok: quota enforced before persistence
ok: quota failure preserves persisted old value
storage-persistence: 61 checks, 0 failures
