{
  "artifacts": {
    "before": {
      "/Users/wangzhe/system/LogitOS/reports/logitos-speed-r9-current/release-tested/logit.iso": {
        "sha256": "aa35f02fac7f5a93b13868398201c37a82519dc48b75e37a8e6f52c6e1217810",
        "size": 15640576,
        "mtime_ns": 1789299118219593929
      },
      "/Users/wangzhe/system/LogitOS/reports/logitos-speed-r9-current/release-tested/disk.img": {
        "sha256": "a3dd855fe6713b07e0f59788bf57fd11d68da0e54cdfc09597f82ac3b184bdf3",
        "size": 536870912,
        "mtime_ns": 1789299118912371503
      }
    },
    "after": {
      "/Users/wangzhe/system/LogitOS/reports/logitos-speed-r9-current/release-tested/logit.iso": {
        "sha256": "aa35f02fac7f5a93b13868398201c37a82519dc48b75e37a8e6f52c6e1217810",
        "size": 15640576,
        "mtime_ns": 1789299118219593929
      },
      "/Users/wangzhe/system/LogitOS/reports/logitos-speed-r9-current/release-tested/disk.img": {
        "sha256": "a3dd855fe6713b07e0f59788bf57fd11d68da0e54cdfc09597f82ac3b184bdf3",
        "size": 536870912,
        "mtime_ns": 1789299118912371503
      }
    },
    "unchanged": true
  },
  "checks": [
    {
      "case": "close_during_held_stylesheet",
      "window_id": 1,
      "wm_gone_host_bound_ms": 368.6
    },
    {
      "case": "close_during_busy_javascript",
      "window_id": 1,
      "wm_gone_host_bound_ms": 490.4
    },
    {
      "case": "wheel_during_held_stylesheet",
      "response_released_after_visual_proof": true,
      "before_box": [
        154,
        496,
        373,
        585
      ],
      "during_box": [
        154,
        376,
        373,
        465
      ],
      "moved_during_load_px": 120,
      "live_scroll_host_bound_ms": 162.0
    },
    {
      "case": "wheel_during_held_initial_script",
      "response_released_after_visual_proof": true,
      "before_box": [
        154,
        496,
        373,
        585
      ],
      "during_box": [
        154,
        376,
        373,
        465
      ],
      "moved_during_load_px": 120,
      "live_scroll_host_bound_ms": 161.9
    },
    {
      "case": "wheel_during_held_image",
      "response_released_after_visual_proof": true,
      "before_box": [
        154,
        496,
        373,
        585
      ],
      "during_box": [
        154,
        336,
        373,
        425
      ],
      "after_box": [
        154,
        336,
        373,
        425
      ],
      "moved_during_load_px": 160,
      "moved_after_load_px": 160,
      "live_scroll_host_bound_ms": 161.8
    }
  ],
  "passed": true,
  "requests": [
    "/close-css",
    "/held.css",
    "/busy-js",
    "/scroll-css",
    "/held-scroll.css",
    "/scroll-script",
    "/held-scroll.js",
    "/scroll-image",
    "/held.png"
  ]
}
