[cpu] AuthenticAMD -- QEMU TCG CPU version 2.5+
[cpu] 48/56 known features present: fpu tsc msr cmov clflush mmx fxsr sse sse2 htt sse3 pclmulqdq monitor ssse3 fma cx16 sse4.1 sse4.2 x2apic movbe popcnt aes xsave avx f16c rdrand hypervisor fsgsbase bmi1 avx2 smep bmi2 erms rdseed adx smap clflushopt sha_ni umip pku vaes rdpid lzcnt prefetchw nx pdpe1gb rdtscp lm
[cpu] xsave: 2696 B holds every supported state, xcr0 mask 0x21f, osxsave=0 (AVX deliberately off -- see boot/long.asm)
[cpu] aes-gcm backend: aesni (constant-time); rdrand=1 rdseed=1
[cpu] aes-gcm 16 KiB: aesni=786000 cycles, c=8758000 cycles, speedup x11.14

[logitos] long mode, C kernel running
[rust] inflate selftest OK
[prot] bsp: nx sup/ON  wxsplit ON  smep sup/ON  smap sup/off
[time] source=tsc 1000.005 MHz res=1ns  (invariant-tsc=no hypervisor=yes calib=pit-ch2)
[time] fallback=pit 100 Hz res=10000000ns  timers=heap/128  mono=64-bit ns (wraps in 584 years)
[time] calib samples(Hz) 1000514805 1000005007 1000005007 -> median chosen
[cpu] simd selftest: backend=aesni xmm_corrupt=0 (20 ticks) crypto_mismatch=0 kat=0 (717 rounds, 6 ticks)
CPU_SIMD_SELFTEST_OK
[mm] boot: 262109 frames total (1023 MiB), 258226 free, 3883 used, 0 shared, 3883 refs (+0 saved = 0 KiB), 0 pinned, 0 bugs
[mm] boot: metadata 831 KiB (bitmap + poison map + 2-byte refcounts + pins), poison level 1
[mm] boot: 0 frames pinned against reclaim, 128 reserve frames (0 dips), 0 allocations refused
[mm] low: 258225 frames free (1008 MiB), 3884 used, 0 shared, 0 bugs
[mm] low: 257969 frames free (1007 MiB), 4140 used, 0 shared, 0 bugs
[mm] low: 257713 frames free (1006 MiB), 4396 used, 0 shared, 0 bugs
[mm] low: 257457 frames free (1005 MiB), 4652 used, 0 shared, 0 bugs
[mm] low: 257201 frames free (1004 MiB), 4908 used, 0 shared, 0 bugs
[mm] low: 256945 frames free (1003 MiB), 5164 used, 0 shared, 0 bugs
[rmap] 262109 frames, 393163 nodes (5663 KiB total: 1023 KiB heads + 4607 KiB nodes)
[logitos] interrupts + memory + gdt/tss online
[mm] low: 256689 frames free (1002 MiB), 5420 used, 0 shared, 0 bugs
[mm] low: 256433 frames free (1001 MiB), 5676 used, 0 shared, 0 bugs
[mm] low: 256177 frames free (1000 MiB), 5932 used, 0 shared, 0 bugs
[mm] low: 255921 frames free (999 MiB), 6188 used, 0 shared, 0 bugs
[pcache] up: 131054 page slots (524216 KiB ceiling), 32 file slots, 32768 buckets; tables 4224 KiB from the PMM (16 B/frame of RAM)
[klog] ring 512 lines x 112 bytes; `cat /dev/kmsg`, `cat /dev/kstat`
[acpi] RSDP from the bootloader's multiboot2 tag
[pci] no MCFG; legacy 0xCF8 config ports (no extended caps)
[pci] 7 function(s) enumerated across all buses
[mm] low: 255665 frames free (998 MiB), 6444 used, 0 shared, 0 bugs
[mm] low: 255409 frames free (997 MiB), 6700 used, 0 shared, 0 bugs
[mm] low: 255153 frames free (996 MiB), 6956 used, 0 shared, 0 bugs
[mm] low: 254897 frames free (995 MiB), 7212 used, 0 shared, 0 bugs
[kheap] grow #1: +4096 KiB -> arena 4096 KiB, live 0 KiB, free 4095 KiB, over-allocated 0 KiB
[rust] png selftest OK
[virtio] 1050 up (0000:00:03.0, 2 queues)
[mm] low: 254641 frames free (994 MiB), 7468 used, 0 shared, 0 bugs
[mm] low: 254385 frames free (993 MiB), 7724 used, 0 shared, 0 bugs
[mm] low: 254129 frames free (992 MiB), 7980 used, 0 shared, 0 bugs
[mm] low: 253873 frames free (991 MiB), 8236 used, 0 shared, 0 bugs
[virtio-gpu] 1280x800, RAM fb @ 0x1cdb000, cursor plane yes
[virtio] 1001 up (0000:00:02.0, 4 queues)
[virtio-blk] ready, cache=writeback (barriers REQUIRED)
[blk] vblk0: virtio-blk, 1048576 sectors (512.0 MiB)
[part] vblk0: no partition table (raw filesystem image)
[blk] 1 disk, 0 partitions; root = vblk0 (LogitFS superblock)
[fsck] mount check: clean
[fs] mounted
[fs] /proc mounted
[pcache] backend installed over c/fs/vfs.h (statx + vfs_pread, VFS-identity gated)
[set] /etc/settings.conf: 0 keys, none stored (defaults)
SETTINGS_READY diag=1 keys=0
SETTINGS_SELFTEST offsets=712 failures=0
[tls] trust store: 130 roots, 0 skipped
[tls]   isrg_x1 isrg_x2 digicert_global_ca digicert_global_g2 digicert_global_g3
[tls]   globalsign_r1 globalsign_r3 gts_r1 gts_r4 usertrust_rsa usertrust_ecc
[tls]   amazon_root_1 amazon_root_3 dtrust_root3_2009 sslcom_ecc_2022
[tls]   aaa_certificate_services accvraiz1 actalis_authentication_root_ca
[tls]   affirmtrust_commercial affirmtrust_networking affirmtrust_premium
[tls]   affirmtrust_premium_ecc amazon_root_ca_2 amazon_root_ca_4
[tls]   atos_trustedroot_2011 autoridad_de_certificacion_firmaprofesional_cif_
[tls]   baltimore_cybertrust_root buypass_class_2_root_ca buypass_class_3_root_ca
[tls]   ca_disig_root_r2 certigna certigna_root_ca certsign certsign_sa
[tls]   certum_trusted_network_ca cfca_ev_root chambers_of_commerce_root_2008
[tls]   chunghwa_telecom_co comodo_certification_authority
[tls]   comodo_ecc_certification_authority comodo_rsa_certification_authority
[tls]   cybertrust_global_root d_trust_root_class_3_ca_2_ev_2009
[tls]   digicert_assured_id_root_ca digicert_assured_id_root_g2
[tls]   digicert_assured_id_root_g3 digicert_high_assurance_ev_root_ca
[tls]   digicert_trusted_root_g4 e_szigno_root_ca_2017 e_tugra_certification_authority
[tls]   ec_acc emsign_ecc_root_ca_c3 emsign_ecc_root_ca_g3 emsign_root_ca_c1
[tls]   emsign_root_ca_g1 entrust_net_certification_authority_2048
[tls]   entrust_root_certification_authority entrust_root_certification_authority_ec1
[tls]   entrust_root_certification_authority_g2
[tls]   entrust_root_certification_authority_g4 fnmt_rcm gdca_trustauth_r5_root
[tls]   geotrust_global_ca geotrust_primary_certification_authority_g2
[tls]   global_chambersign_root_2008 globalsign globalsign_1 globalsign_2 globalsign_3
[tls]   go_daddy_root_certificate_authority_g2 gts_root_r2 gts_root_r3
[tls]   hellenic_academic_and_research_institutions_ecc_
[tls]   hellenic_academic_and_research_institutions_root
[tls]   hellenic_academic_and_research_institutions_root_1 hongkong_post_root_ca_1
[tls]   hongkong_post_root_ca_3 identrust_commercial_root_ca_1
[tls]   identrust_public_sector_root_ca_1 izenpe_com microsec_e_szigno_root_ca_2009
[tls]   microsoft_ecc_root_certificate_authority_2017
[tls]   microsoft_rsa_root_certificate_authority_2017
[tls]   naver_global_root_certification_authority
[tls]   netlock_arany_class_gold_f_c5_91tan_c3_bas_c3_ad
[tls]   network_solutions_certificate_authority oiste_wisekey_global_root_gb_ca
[tls]   oiste_wisekey_global_root_gc_ca quovadis_root_ca_1_g3 quovadis_root_ca_2
[tls]   quovadis_root_ca_2_g3 quovadis_root_ca_3 quovadis_root_ca_3_g3
[tls]   quovadis_root_certification_authority secom_trust_net secom_trust_systems_co
[tls]   secure_global_ca securesign_rootca11 securetrust_ca sonera_class2_ca
[tls]   ssl_com_ev_root_certification_authority_ecc
[tls]   ssl_com_ev_root_certification_authority_rsa_r2
[tls]   ssl_com_root_certification_authority_ecc
[tls]   ssl_com_root_certification_authority_rsa staat_der_nederlanden_ev_root_ca
[tls]   staat_der_nederlanden_root_ca_g3 starfield_root_certificate_authority_g2
[tls]   starfield_services_root_certificate_authority_g2 starfield_technologies
[tls]   swisssign_gold_ca_g2 swisssign_silver_ca_g2 szafir_root_ca2
[tls]   t_telesec_globalroot_class_2 t_telesec_globalroot_class_3
[tls]   teliasonera_root_ca_v1 the_go_daddy_group trustcor_eca_1
[tls]   trustcor_rootcert_ca_1 trustcor_rootcert_ca_2 trustis_limited
[tls]   trustwave_global_certification_authority
[tls]   trustwave_global_ecc_p256_certification_authorit
[tls]   trustwave_global_ecc_p384_certification_authorit
[tls]   tubitak_kamu_sm_ssl_kok_sertifikasi_surum_1 twca_global_root_ca
[tls]   twca_root_certification_authority uca_extended_validation_root
[tls]   uca_global_g2_root verisign_universal_root_certification_authority
[tls]   xramp_global_certification_authority
[net] e1000: found 8086:100e at 0000:00:04.0
[e1000] link: UP 1000 Mb/s full duplex
[e1000] up: mmio=0xfebc0000
[net] NIC bound: eth0 = e1000  MAC 52:54:0:12:34:56  irq=11
[net] if 1 lo flags up running loopback  127.0.0.1/8
[net] if 2 eth0 flags up running broadcast  mac 52:54:0:12:34:56 drv e1000 irq=11  [primary]
[netlock] acq 3 recursive 0 maxdepth 1 violations 0
[ip6] link-local fe80::5054:ff:fe12:3456 tentative (dad)
[netlock] acq 27 recursive 2 maxdepth 2 violations 0
[netlock] acq 219 recursive 2 maxdepth 2 violations 0
[ip6] dad ok fe80::5054:ff:fe12:3456/64
[ip6] nd fe80::2 -> 52:56:00:00:00:02 stale
[ip6] router fe80::2 lifetime 1800s
[ip6] slaac fec0::5054:ff:fe12:3456/64 valid 86400s pref 14400s
[dhcp] bound 10.0.2.15/24 gw 10.0.2.2 dns 10.0.2.3
[eth] rx 5 (2038 B) arp 0 ip 3 ip6 2 vlan 0 bcast 3 mcast 2
[eth] rx drops: runt 0 toolong 0 not-ours 0 vlan-bad 0 unhandled 0 (last type 0)
[eth] tx 8 (1374 B) padded 1 toolong 0  loopback 0 dropped 0
[arp] rx 0 (req 0 reply 0 grat 0 bad 0) tx (req 1 reply 0 ann 1)
[arp] entries 0  evict 0 expire 0  queued 0 sent 0 dropped 0  unresolved 0 conflicts 0 poison-blocked 0
[net] tcp timers: 10 ms ktimer -> SOFTIRQ_NET (independent of the WM loop)
[mm] low: 253617 frames free (990 MiB), 8492 used, 0 shared, 0 bugs
[mm] low: 253361 frames free (989 MiB), 8748 used, 0 shared, 0 bugs
[mm] low: 253105 frames free (988 MiB), 9004 used, 0 shared, 0 bugs
[mm] low: 252849 frames free (987 MiB), 9260 used, 0 shared, 0 bugs
[kheap] grow #2: +4096 KiB -> arena 8192 KiB, live 2338 KiB, free 5853 KiB, over-allocated 0 KiB
[text] /fonts/ui.ttf: 7655 glyphs, upem=1000
[text] /fonts/mono.ttf: 97 glyphs, upem=1000
[text] /fonts/text.ttf: 6253 glyphs, upem=2048
[mm] low: 252593 frames free (986 MiB), 9516 used, 0 shared, 0 bugs
[mm] low: 252337 frames free (985 MiB), 9772 used, 0 shared, 0 bugs
[mm] low: 252081 frames free (984 MiB), 10028 used, 0 shared, 0 bugs
[mm] low: 251825 frames free (983 MiB), 10284 used, 0 shared, 0 bugs
[kheap] grow #3: +4096 KiB -> arena 12288 KiB, live 5259 KiB, free 7028 KiB, over-allocated 0 KiB
[text] /fonts/ui-bold.ttf: 7655 glyphs, upem=1000
[text] /fonts/mono-bold.ttf: 97 glyphs, upem=1000
[mm] low: 251569 frames free (982 MiB), 10540 used, 0 shared, 0 bugs
[mm] low: 251313 frames free (981 MiB), 10796 used, 0 shared, 0 bugs
[mm] low: 251057 frames free (980 MiB), 11052 used, 0 shared, 0 bugs
[mm] low: 250801 frames free (979 MiB), 11308 used, 0 shared, 0 bugs
[mm] low: 250545 frames free (978 MiB), 11564 used, 0 shared, 0 bugs
[mm] low: 250289 frames free (977 MiB), 11820 used, 0 shared, 0 bugs
[mm] low: 250033 frames free (976 MiB), 12076 used, 0 shared, 0 bugs
[mm] low: 249777 frames free (975 MiB), 12332 used, 0 shared, 0 bugs
[wm] display 1280x800 px, scale 100%, desktop 1280x800 pt
[ime] /ime/pinyin.dat: 967663 bytes, 25945 pinyin keys -- Shift+Space toggles pinyin input
[ime] learn: no /var/ime-learn.conf yet -- ranking is the dictionary's own frequency order until something is committed
[wm] pointer: display cursor plane (motion does not composite)
[wm] dock 9 apps: 0=clock.aex,shown 1=textedit.aex,shown 2=monitor.aex,shown 3=terminal.aex,shown 4=files.aex,shown 5=preview.aex,shown 6=studio.aex,shown 7=browser.aex,shown 8=settings.aex,shown
[wm] menu title 0 LogitOS x0 8 y0 0 x1 102 y1 24
[wm] menu title 1 File x0 118 y0 0 x1 170 y1 24
[wm] menu title 2 View x0 186 y0 0 x1 247 y1 24
[logitos] desktop up; mouse + keyboard armed
[smp] 4 CPU(s) detected, BSP apic_id=0
[ioapic] device IRQs routed via I/O APIC (NIC gsi=11)
[smp] CPU 1 apic_id=1 online
[prot] ap: nx sup/ON  wxsplit ON  smep sup/ON  smap sup/off
[smp] CPU 2 apic_id=2 online
[prot] ap: nx sup/ON  wxsplit ON  smep sup/ON  smap sup/off
[smp] CPU 3 apic_id=3 online
[prot] ap: nx sup/ON  wxsplit ON  smep sup/ON  smap sup/off
[smp] 4/4 CPUs online
[smp] parallel present on 4 cores (IPI 241)
[dev] 0000:00:00.0 8086:1237 class=06.00.00 host-bridge  driver=-
[dev] 0000:00:01.0 8086:7000 class=06.01.00 isa-bridge   driver=-
[dev] 0000:00:01.1 8086:7010 class=01.01.80 ide          driver=- bar4=io:0xc0c0/0x10
[dev] 0000:00:01.3 8086:7113 class=06.80.00 bridge       driver=-
[dev] 0000:00:02.0 1af4:1001 class=01.00.00 scsi         driver=- caps=msix,vndr, bar0=io:0xc000/0x80 bar1=0xfebe0000/0x1000 bar4=0xfebf8000/0x4000
[dev] 0000:00:03.0 1af4:1050 class=03.80.00 display      driver=- caps=msix,vndr, bar1=0xfebe1000/0x1000 bar4=0xfebfc000/0x4000
[dev] 0000:00:04.0 8086:100e class=02.00.00 ethernet     driver=e1000 bar0=0xfebc0000/0x20000 bar1=io:0xc080/0x40
[dev] 7 device(s), 1 bound, 6 unclaimed

LOGIT_BOOT_OK

[wm] desktop live; launching apps as ring-3 processes
[wm] no accounts on this machine: the desktop starts unauthenticated
[aex] 'Finder' is unsigned: no AEX_T_SIG record. Loading anyway (log but allow) -- see the comment above the CRC check in aex.c for what a signature here would and would not mean.
[mm] low: 249521 frames free (974 MiB), 12588 used, 0 shared, 0 bugs
[exec] load files.aex: 21 pages file-backed in 1 areas, 196 copied
[wm] launched Finder
[aex] /bin/login: 35 KiB, container+crc 0 Mcyc, elf 0 Mcyc
[exec] load /bin/login: 5 pages file-backed in 1 areas, 5 copied
[sched] first-run tid 6 (login)
[sched] first-run tid 5 (Finder)
[swap] no eligible device -- swap is OFF (reclaim keeps the drop tier)
[reclaim] watermarks: start below 8190 frames (31 MiB free), stop at 16381 (63 MiB); swap OFF (drop tier only)
login: no accounts on this machine (`login -a NAME` to create one)
[execve] pid 2: /bin/sh loading
[aex] /bin/sh: 44 KiB, container+crc 1 Mcyc, elf 3 Mcyc
[exec] load /bin/sh: 7 pages file-backed in 1 areas, 25 copied
LogitOS shell -- type 'help'
/ $ [wm] ptr 640 400
[wm] win 0 frame 110 70 640 474 content 640 444 pt zoom 0 min 0 Finder
[time] tickloss +2/s worstgap=27975us missed=2 of 200 expected (1.000% of the clock); uptime 2s
[time] tickloss   worst gap: bkl last held by cpu -1 ra=0x117afe via=irqsave(kernel entry, IF=0); tick on cpu 0, pid -1, not in kernel
[time] accuracy n=32 late_us min=213 p50=4842 p90=8259 max=9395 (TCG; delivery is quantised to the 100Hz tick)
[ip6] dad ok fec0::5054:ff:fe12:3456/64
[wm] perf t=2628 composites=20 ns=215236915 max=25948869 motions=0 curmoves=1 curns=21000 full=9 rects=20 cpx=6810240 fpx=6810240 presns=13068933 torn=0 defer=3 late=0 drawmax=21 evdrop=0
[netlock] acq 1753 recursive 5 maxdepth 2 violations 0
[wm] perf t=4637 composites=24 ns=230467838 max=25948869 motions=4 curmoves=3 curns=72000 full=9 rects=24 cpx=6933120 fpx=6933120 presns=15020923 torn=0 defer=3 late=0 drawmax=21 evdrop=0
[wm] ptr 832 753
[mm] low: 249265 frames free (973 MiB), 12844 used, 10 shared, 0 bugs
[mm] low: 249009 frames free (972 MiB), 13100 used, 10 shared, 0 bugs
[mm] low: 248753 frames free (971 MiB), 13356 used, 10 shared, 0 bugs
[mm] low: 248497 frames free (970 MiB), 13612 used, 10 shared, 0 bugs
[mm] low: 248241 frames free (969 MiB), 13868 used, 10 shared, 0 bugs
[mm] low: 247985 frames free (968 MiB), 14124 used, 10 shared, 0 bugs
[mm] low: 247729 frames free (967 MiB), 14380 used, 10 shared, 0 bugs
[mm] low: 247473 frames free (966 MiB), 14636 used, 10 shared, 0 bugs
[kheap] grow #4: +8192 KiB -> arena 20480 KiB, live 10240 KiB, free 10237 KiB, over-allocated 1 KiB
[mm] low: 247217 frames free (965 MiB), 14892 used, 10 shared, 0 bugs
[mm] low: 246961 frames free (964 MiB), 15148 used, 10 shared, 0 bugs
[mm] low: 246705 frames free (963 MiB), 15404 used, 10 shared, 0 bugs
[mm] low: 246449 frames free (962 MiB), 15660 used, 10 shared, 0 bugs
[mm] low: 246193 frames free (961 MiB), 15916 used, 10 shared, 0 bugs
[mm] low: 245937 frames free (960 MiB), 16172 used, 10 shared, 0 bugs
[mm] low: 245681 frames free (959 MiB), 16428 used, 10 shared, 0 bugs
[mm] low: 245425 frames free (958 MiB), 16684 used, 10 shared, 0 bugs
[mm] low: 245169 frames free (957 MiB), 16940 used, 10 shared, 0 bugs
[mm] low: 244913 frames free (956 MiB), 17196 used, 10 shared, 0 bugs
[mm] low: 244657 frames free (955 MiB), 17452 used, 10 shared, 0 bugs
[mm] low: 244401 frames free (954 MiB), 17708 used, 10 shared, 0 bugs
[mm] low: 244145 frames free (953 MiB), 17964 used, 10 shared, 0 bugs
[exec] load browser.aex: 1148 pages file-backed in 2 areas, 3258 copied
[wm] launched Browser
[sched] first-run tid 20 (Browser)
[time] tickloss +9/s worstgap=90416us missed=11 of 500 expected (2.200% of the clock); uptime 5s
[time] tickloss   worst gap: bkl held by cpu 0 ra=0x136a1e via=bare; tick on cpu 0, pid -1, in kernel
[mm] low: 243889 frames free (952 MiB), 18220 used, 95 shared, 0 bugs
[mm] low: 243633 frames free (951 MiB), 18476 used, 145 shared, 0 bugs
[mm] low: 243377 frames free (950 MiB), 18732 used, 145 shared, 0 bugs
[mm] low: 243121 frames free (949 MiB), 18988 used, 145 shared, 0 bugs
[mm] low: 242865 frames free (948 MiB), 19244 used, 145 shared, 0 bugs
[browser] session restored 0 tabs (restore=1)
[browser] sock probe: rodata=0 stack=1 bss=2 caps=0x1f
[wm] win 1 frame 138 98 1126 670 content 1126 640 pt zoom 0 min 0 Browser
[dl] painted text: 0 run(s), 0 byte(s)
[dl] ---8<--- begin painted text
[dl] ---8<--- end painted text
[waitq] 200 ms of waiting: bkl_hlt_wait spin re-tested 37 times / 2 dispatches; blocked sleeper 0 dispatches
[waitq] sem items=192 mutex=1000/1000 softirqs=361 work=1 blocked_now=4

WAITQ_SELFTEST_OK (0 failures)
[wm] perf t=5638 composites=47 ns=562605160 max=44286776 motions=5 curmoves=4 curns=94000 full=13 rects=48 cpx=13339956 fpx=13339956 presns=30519844 torn=0 defer=3 late=0 drawmax=30 evdrop=0
[time] xcheck src=tsc rtc=5s mono=4349ms tick=4250ms err=-130ppt OK lost=9/434 worstgap=90416us
[time] negctl 2x-tick err=+739ppt -> REJECTED (guard works)
[kbench] --- kernel entry cost, boot through desktop live (4 cores, TCG) ---
[kbench] entry syscall: 645 entries, mean 12931691.472 ns each, 8340 ms total
[kbench] entry timer: 8896 entries, mean 1343891.074 ns each, 11955 ms total
[kbench] entry fault: 208 entries, mean 2011086.538 ns each, 418 ms total
[kbench] entry irq: 28 entries, mean 13964.285 ns each, 0 ms total
[kbench] tty console wait: 2672 wakes, 239412 us awake in total (89.600 us each), 7731 ms uptime -- 30/1000 of ONE core
[kbench] scheduler: 742 context switches, 2 threads parked now, 56 poll passes through bkl_hlt_wait
[kbench]   poll 0x106b9c: 56 pass(es)
[kbench] tlb: 0 shootdown(s) never acked
[kbench] BKL holders: 603 samples, held in 374 (62%), 0 lost to collision
[kbench]   bkl 0x117afe: 257 samples (68% of held)
[kbench]   bkl 0x136a1e: 56 samples (14% of held)
[kbench]   bkl 0x11afe7: 46 samples (12% of held)
[kbench]   bkl 0x14f449: 12 samples (3% of held)
[kbench]   bkl 0x13677e: 2 samples (0% of held)
[kbench]   bkl 0x11c1b3: 1 samples (0% of held)
[kbench] syscalls: 482 calls, 71 ms inside the dispatcher (BKL already held; blocking calls include time descheduled)
[kbench]   SYS 8: 163 calls (33%), mean 9552.147 ns in handler, 1 ms total
[kbench]   SYS 75: 110 calls (22%), mean 1200.000 ns in handler, 0 ms total
[kbench]   SYS 20: 43 calls (8%), mean 23139.534 ns in handler, 0 ms total
[kbench]   SYS 37: 33 calls (6%), mean 8696.969 ns in handler, 0 ms total
[kbench]   SYS 1: 25 calls (5%), mean 59760.000 ns in handler, 1 ms total
[kbench]   SYS 38: 25 calls (5%), mean 133280.000 ns in handler, 3 ms total
[kbench]   SYS 71: 19 calls (3%), mean 42421.052 ns in handler, 0 ms total
[kbench]   SYS 72: 12 calls (2%), mean 2306416.666 ns in handler, 27 ms total
[kbench]   SYS 41: 6 calls (1%), mean 11000.000 ns in handler, 0 ms total
[kbench]   SYS 5: 5 calls (1%), mean 27600.000 ns in handler, 0 ms total
[kbench]   SYS 6: 5 calls (1%), mean 146200.000 ns in handler, 0 ms total
[kbench]   SYS 11: 5 calls (1%), mean 1168400.000 ns in handler, 5 ms total
[kbench]   SYS 102: 4 calls (0%), mean 7250.000 ns in handler, 0 ms total
[kbench]   SYS 76: 3 calls (0%), mean 155666.666 ns in handler, 0 ms total
[kbench]   SYS 81: 3 calls (0%), mean 37333.333 ns in handler, 0 ms total
[kbench]   SYS 103: 3 calls (0%), mean 16000.000 ns in handler, 0 ms total
[kbench] BKL: 18909 acquisitions, 11218 contended (59%); wait mean 138621.397 ns, hold mean 60661.642 ns
[kbench] BKL: 2621 ms spent waiting, 1147 ms spent holding, across 4 cores
[mm] kbench: 262109 frames total (1023 MiB), 242746 free, 19363 used, 172 shared, 19535 refs (+172 saved = 688 KiB), 0 pinned, 0 bugs
[mm] kbench: metadata 831 KiB (bitmap + poison map + 2-byte refcounts + pins), poison level 1
[mm] kbench: 0 frames pinned against reclaim, 128 reserve frames (0 dips), 0 allocations refused
[kheap] kbench: arena 20480 KiB, live 13096 KiB (148 blocks), free 7380 KiB, over-allocated 1 KiB of 20778 KiB served, 217 allocs, 69 frees, 4 grows, 209 splits, 53 merges
[mm] kbench: cow=on, 0 pages shared copy-on-write; faults: 0 copied, 0 reused, 1074 anon, 0 declined; 3 address spaces with areas
[mm] kbench: fault cost (kcycles total / cycles each): cow-copy 0/0, cow-reuse 0/0, anon 4820/4487, swap-in 0/0
[mm] kbench: file faults 173 (200989 kcycles total / 1161786 each); HIT 19 (7947 cyc each), MISS 154 (1304 kcyc each, 99% of the time)
[mm] kbench: shm faults 0 (0 kcycles total / 0 each)
[pcache] kbench: 207 pages resident (peak 207 of 131054 slots), 4 files; 19 hits, 154 misses, 0 shared
[pcache] kbench: 0 dropped by reclaim, 0 evicted here, 0 invalidated by a write, 0 whole-file reads bypassed
[pcache] kbench: pool 207/131054 slots used at peak (0%); 0 entries orphaned (pool full of mapped pages), 0 pages handed back UNCACHED AND LEAKED
[pcache] kbench: readahead 15 batches, 53 pages ahead, 15 backend reads (4 pages/read), 0 short; K 4..32
[pcache] kbench: backend 154 calls for 207 pages, 196 Mcyc total (1273 kcyc/call, 947 kcyc/page, worst 9049 kcyc)
[shm] kbench: 0 segments, 0 pages (0 KiB unreclaimable), 0 bugs
[reclaim] kbench: on, 0 passes, 0 frames scanned, 0 evicted (0 dropped free [0 zero + 0 cache] + 0 swapped), 0 second chances
[reclaim] kbench: skipped 0 unmapped / 0 pinned / 0 partially-known / 0 too-shared / 0 running elsewhere; failed 0 no-slot / 0 io; 0 bugs
[reclaim] kbench: page-cache frames met 0, dropped 0, UNACCOUNTED-FOR REFERENCE 0, too-shared 0
[reclaim] kbench: 0 swap-ins (0 failed); 0 kcycles scanning (0 per frame evicted)
[rmap] kbench: 4735/393163 nodes used (peak 4735), 0 overflows, 0 frames incomplete, 0 bugs
[swap] kbench: OFF (no device)
KBENCH_DONE
[time] fallback pit ran 500ms (want ~500), switch back rc=0 continuity=6999ns monotonic
[time] smp-mono cores=4 seen=f reads=400000 observed-backsteps=0 clamped=0 max=0ns
[wm] perf t=11648 composites=60 ns=607209937 max=44286776 motions=12 curmoves=8 curns=178000 full=13 rects=61 cpx=13788468 fpx=13788468 presns=32223837 torn=0 defer=3 late=0 drawmax=30 evdrop=0
[wm] ptr 438 388
[netlock] acq 14030 recursive 5 maxdepth 2 violations 0
[wm] ptr 438 173
[wm] perf t=12669 composites=66 ns=699881470 max=44286776 motions=15 curmoves=10 curns=222000 full=13 rects=67 cpx=17261998 fpx=17261998 presns=39006803 torn=0 defer=3 late=0 drawmax=30 evdrop=0
[wm] perf t=13669 composites=108 ns=1026388829 max=44286776 motions=15 curmoves=10 curns=222000 full=14 rects=109 cpx=30110598 fpx=30110598 presns=62750684 torn=0 defer=29 late=0 drawmax=30 evdrop=0
[time] tickloss +14/s worstgap=90416us missed=25 of 1397 expected (1.789% of the clock); uptime 14s
[wm] perf t=14688 composites=202 ns=1633257784 max=44286776 motions=15 curmoves=10 curns=222000 full=16 rects=203 cpx=54061518 fpx=54061518 presns=108818452 torn=0 defer=95 late=0 drawmax=46 evdrop=0
[time] tickloss +17/s worstgap=90416us missed=42 of 1494 expected (2.811% of the clock); uptime 15s
[wm] perf t=15688 composites=270 ns=2153449169 max=44286776 motions=15 curmoves=10 curns=222000 full=17 rects=271 cpx=73753878 fpx=73753878 presns=147569257 torn=0 defer=136 late=0 drawmax=46 evdrop=0
[time] tickloss +10/s worstgap=90416us missed=52 of 1593 expected (3.264% of the clock); uptime 16s
[wm] perf t=16688 composites=295 ns=2398897939 max=44286776 motions=15 curmoves=10 curns=222000 full=17 rects=296 cpx=83487298 fpx=83487298 presns=167114161 torn=0 defer=136 late=0 drawmax=46 evdrop=0
[time] tickloss +6/s worstgap=90416us missed=58 of 1692 expected (3.427% of the clock); uptime 17s
[browser] load: http://10.0.2.2:54252/
[wa] t=16430 (+16430) nav
[route] 127.0.0.0/8 onlink dev 1 src 127.0.0.1 metric 0 local
[route] 10.0.2.0/24 onlink dev 2 src 10.0.2.15 metric 0
[route] 0.0.0.0/0 via 10.0.2.2 dev 2 src 10.0.2.15 metric 0
[sock] connected 10.0.2.2 via ipv4 ::ffff:10.0.2.2
[wa] t=16560 (+130) idle reqs=1 dials=1 reuses=0
[wa] t=16560 (+0) docdone status=200 len=1931
[layout-perf] svg_decodes=0 svg_ms=0 trials=0 items=0
[style-perf] phase=first bytes=0 cascade_ms=30 extra_ms=0 layout_ms=20 items=0 pseudo_compose=0 pseudo_skip=0
[wa] t=16680 (+120) idle reqs=2 dials=1 reuses=1
[browser] fetch failed (status 404) styles-5INURTSO.css: no error
[css-import] 0 loaded, 0 failed, 0 cycles, 0 limited, 0 unsupported; 0 requests, 0 bytes
[layout-perf] svg_decodes=0 svg_ms=0 trials=0 items=0
[style-perf] phase=full bytes=0 cascade_ms=0 extra_ms=0 layout_ms=0 items=0 pseudo_compose=0 pseudo_skip=0
[browser] heap peak 5645K
[css] linked: 0 <style>, 1 <link rel=stylesheet> (0 not fetched)
[css] fetched: 0 ok, 0 empty, 0 http-error, 1 transport-error  (content-type: NOT CHECKED -- no MIME filter on <link>)
[css] bytes: 0 inline + 0 external = 0 to the parser  (nothing truncated)
[css] parsed: 0 sheet(s) accepted, 0 refused; 0 declarations kept
[css] dropped: 0  (0 selector, 0 at-rule, 0 unknown-prop, 0 bad-value, 0 trailing)
[css] no rule or declaration was discarded
[mm] low: 242609 frames free (947 MiB), 19500 used, 299 shared, 0 bugs
[mm] low: 242353 frames free (946 MiB), 19756 used, 393 shared, 0 bugs
[wm] perf t=17688 composites=316 ns=2609800877 max=44286776 motions=15 curmoves=10 curns=222000 full=17 rects=317 cpx=92175618 fpx=92175618 presns=183465079 torn=0 defer=139 late=0 drawmax=46 evdrop=0
[mm] low: 242097 frames free (945 MiB), 20012 used, 485 shared, 0 bugs
[mm] low: 241841 frames free (944 MiB), 20268 used, 562 shared, 0 bugs
[mm] low: 241585 frames free (943 MiB), 20524 used, 621 shared, 0 bugs
[browser] scripts collected: 0 external classic, 1 external module, 1 inline
[net] rx path: frames 80 irq 15 softirq 9 inline 0 poll 2 idle 0/0 halt/skip
#GUEST angular t0 body=1578 button=none lazy=none
#GUEST angular t1 body=1578 button=none lazy=none
[mm] low: 241329 frames free (942 MiB), 20780 used, 629 shared, 0 bugs
[wa] t=18000 (+1320) idle reqs=4 dials=1 reuses=3
[js] module loaded 112711 bytes: http://10.0.2.2:54252/chunk-KL66STME.js
[mm] low: 241073 frames free (941 MiB), 21036 used, 631 shared, 0 bugs
[js] module loaded 325 bytes: http://10.0.2.2:54252/chunk-TP6IPRSX.js
[wa] t=18320 loadend reqs=6 dials=1 reuses=4 cache ents=4 202K hits=1 rvs=0
[browser] load done: 6 requests, 1 connections dialled, 4 reused, 2 modules loaded (0 failed)
[browser] pool: 4 hits, 0 evicted, 0 closed
[browser] resources: 0 from tab, 1 from network (tab 0 of 1)
[layout-perf] svg_decodes=0 svg_ms=0 trials=0 items=19
[dl] painted text: 11 run(s), 50 byte(s)
[dl] ---8<--- begin painted text
[dl] 8,82 angular
[dl] 133,82 fixture
[dl] 14,140 count
[dl] 58,140 is
[dl] 72,140 0
[dl] 96,136 open
[dl] 134,136 lazy
[dl] 165,136 route
[dl] 8,164 lazy
[dl] 39,164 route
[dl] 80,164 loaded
[dl] ---8<--- end painted text
[load-complete] elapsed_ms=2000
[load-perf] total_ms=2000 teardown=20 document=130 first_style_layout_paint=100 styles_fetch=70 full_style_layout_paint=20 images=30 runtime_init=1030 scripts_fetch=30 scripts_execute=480 lifecycle_settle=90
#GUEST angular t250 body=1836 #app=218 button="count is 0" lazy="lazy route loaded"
#GUEST angular t1000 body=1836 #app=218 button="count is 0" lazy="lazy route loaded"
[time] tickloss +5/s worstgap=90416us missed=63 of 1991 expected (3.164% of the clock); uptime 20s
#GUEST angular t2500 body=1836 #app=218 button="count is 0" lazy="lazy route loaded"
#GUEST angular t4000 body=1836 #app=218 button="count is 0" lazy="lazy route loaded"
#GUEST-BUTTON angular x=52 y=90
[layout-perf] svg_decodes=0 svg_ms=0 trials=0 items=19
[layout-perf] svg_decodes=0 svg_ms=0 trials=0 items=19
[wm] perf t=23707 composites=336 ns=2880510519 max=44286776 motions=18 curmoves=12 curns=307999 full=17 rects=337 cpx=99283618 fpx=99283618 presns=207739959 torn=0 defer=139 late=0 drawmax=46 evdrop=0
[wm] ptr 190 278
[layout-perf] svg_decodes=0 svg_ms=0 trials=0 items=19
[layout-perf] svg_decodes=0 svg_ms=0 trials=0 items=19
[layout-perf] svg_decodes=0 svg_ms=0 trials=0 items=19
#GUEST angular tclick body=1836 #app=218 button="count is 1" lazy="lazy route loaded"
[wm] perf t=24717 composites=345 ns=2954579148 max=44286776 motions=18 curmoves=12 curns=307999 full=18 rects=346 cpx=102023178 fpx=102023178 presns=212652935 torn=0 defer=144 late=0 drawmax=244 evdrop=0
[layout-perf] svg_decodes=0 svg_ms=0 trials=0 items=19
[wm] perf t=25726 composites=347 ns=2960928117 max=44286776 motions=21 curmoves=14 curns=416999 full=18 rects=348 cpx=102084618 fpx=102084618 presns=212940935 torn=0 defer=144 late=0 drawmax=244 evdrop=0
[wm] ptr 438 173
[wm] perf t=26726 composites=388 ns=3197460920 max=44286776 motions=21 curmoves=14 curns=416999 full=19 rects=389 cpx=111563538 fpx=111563538 presns=230620846 torn=7 defer=173 late=7 drawmax=919 evdrop=0
[wm] perf t=27734 composites=450 ns=3776903991 max=44286776 motions=21 curmoves=14 curns=416999 full=20 rects=451 cpx=136206018 fpx=136206018 presns=277645604 torn=7 defer=205 late=7 drawmax=919 evdrop=0
[wm] perf t=28736 composites=511 ns=4305725322 max=44286776 motions=21 curmoves=14 curns=416999 full=22 rects=512 cpx=160224498 fpx=160224498 presns=320062390 torn=7 defer=236 late=7 drawmax=919 evdrop=0
[wm] perf t=29746 composites=538 ns=4557786050 max=44286776 motions=21 curmoves=14 curns=416999 full=22 rects=540 cpx=171676538 fpx=171676538 presns=341382292 torn=7 defer=236 late=7 drawmax=919 evdrop=0
[browser] load: http://10.0.2.2:54253/
[wa] t=29590 (+11590) nav
[sock] connected 10.0.2.2 via ipv4 ::ffff:10.0.2.2
[wa] t=29610 (+20) idle reqs=1 dials=1 reuses=0
[wa] t=29610 (+0) docdone status=200 len=7022
[layout-perf] svg_decodes=0 svg_ms=0 trials=0 items=16
[style-perf] phase=first bytes=0 cascade_ms=0 extra_ms=0 layout_ms=10 items=16 pseudo_compose=0 pseudo_skip=0
[dl] painted text: 9 run(s), 42 byte(s)
[dl] ---8<--- begin painted text
[dl] 8,82 next
[dl] 83,82 fixture
[dl] 14,140 count
[dl] 58,140 is
[dl] 72,140 0
[dl] 102,140 open
[dl] 140,140 lazy
[dl] 171,140 route
[dl] 8,172 loading…
[dl] ---8<--- end painted text
[css-import] 0 loaded, 0 failed, 0 cycles, 0 limited, 0 unsupported; 0 requests, 0 bytes
[layout-perf] svg_decodes=0 svg_ms=0 trials=0 items=16
[style-perf] phase=full bytes=0 cascade_ms=0 extra_ms=0 layout_ms=0 items=16 pseudo_compose=0 pseudo_skip=0
[browser] heap peak 10280K
[css] linked: 0 <style>, 0 <link rel=stylesheet> (0 not fetched)
[css] fetched: 0 ok, 0 empty, 0 http-error, 0 transport-error
[css] bytes: 0 inline + 0 external = 0 to the parser  (nothing truncated)
[css] parsed: 0 sheet(s) accepted, 0 refused; 0 declarations kept
[css] dropped: 0  (0 selector, 0 at-rule, 0 unknown-prop, 0 bad-value, 0 trailing)
[css] no rule or declaration was discarded
[mm] low: 240817 frames free (940 MiB), 21292 used, 682 shared, 0 bugs
[wm] perf t=30746 composites=555 ns=4712581266 max=44286776 motions=21 curmoves=14 curns=416999 full=23 rects=557 cpx=178830878 fpx=178830878 presns=354710224 torn=7 defer=238 late=7 drawmax=919 evdrop=0
[browser] scripts collected: 6 external classic, 0 external module, 3 inline
[sock] connected 10.0.2.2 via ipv4 ::ffff:10.0.2.2
[wa] t=30160 (+550) idle reqs=7 dials=2 reuses=5
[mm] low: 240561 frames free (939 MiB), 21548 used, 682 shared, 0 bugs
[e1000] stats: rx 504 pkt / 704287 B, tx 335 pkt / 24591 B; drop rnbc 0 mpc 0; err crc 0 rlec 0; col 0 ecol 0 late 0; goct rx 0* tx 0*; irq 69 (+69)
[e1000] goct*: this register cannot be read on this device (MAC_ACCESS_FLAG_NEEDED, hw/net/e1000.c QEMU 11.0.0) -- 0 does NOT mean zero good bytes
[mm] low: 240305 frames free (938 MiB), 21804 used, 682 shared, 0 bugs
#GUEST next t0 body=6123 #app=207 button="count is 0" lazy=none
#GUEST next t1 body=6123 #app=207 button="count is 0" lazy=none
[wa] t=30760 loadend reqs=7 dials=2 reuses=5 cache ents=11 654K hits=1 rvs=0
[browser] load done: 7 requests, 2 connections dialled, 5 reused, 0 modules loaded (0 failed)
[browser] pool: 9 hits, 0 evicted, 1 closed
[browser] resources: 0 from tab, 6 from network (tab 0 of 1)
[load-complete] elapsed_ms=1250
[load-perf] total_ms=1250 teardown=50 document=20 first_style_layout_paint=20 styles_fetch=0 full_style_layout_paint=20 images=0 runtime_init=360 scripts_fetch=170 scripts_execute=580 lifecycle_settle=30
[wa] t=30890 (+730) idle reqs=8 dials=2 reuses=6
[mm] low: 240049 frames free (937 MiB), 22060 used, 703 shared, 0 bugs
[layout-perf] svg_decodes=0 svg_ms=0 trials=0 items=16
[layout-perf] svg_decodes=0 svg_ms=0 trials=0 items=20
[dl] painted text: 11 run(s), 47 byte(s)
[dl] ---8<--- begin painted text
[dl] 8,82 next
[dl] 83,82 fixture
[dl] 14,140 count
[dl] 58,140 is
[dl] 72,140 0
[dl] 102,140 open
[dl] 140,140 lazy
[dl] 171,140 route
[dl] 8,172 lazy
[dl] 39,172 route
[dl] 80,172 loaded
[dl] ---8<--- end painted text
[layout-perf] svg_decodes=0 svg_ms=0 trials=0 items=20
#GUEST next t250 body=6129 #app=142 button="count is 0" lazy="lazy route loaded"
[time] tickloss +5/s worstgap=90416us missed=68 of 3190 expected (2.131% of the clock); uptime 32s
#GUEST next t1000 body=6129 #app=142 button="count is 0" lazy="lazy route loaded"
[wm] perf t=32757 composites=573 ns=4970202966 max=44286776 motions=21 curmoves=14 curns=416999 full=23 rects=575 cpx=188220378 fpx=188220378 presns=373807126 torn=7 defer=241 late=7 drawmax=919 evdrop=0
#GUEST next t2500 body=6129 #app=142 button="count is 0" lazy="lazy route loaded"
#GUEST next t4000 body=6129 #app=142 button="count is 0" lazy="lazy route loaded"
#GUEST-BUTTON next x=52 y=90
[layout-perf] svg_decodes=0 svg_ms=0 trials=0 items=20
[layout-perf] svg_decodes=0 svg_ms=0 trials=0 items=20
[wm] ptr 190 278
[layout-perf] svg_decodes=0 svg_ms=0 trials=0 items=20
[layout-perf] svg_decodes=0 svg_ms=0 trials=0 items=20
#GUEST next tclick body=6129 #app=142 button="count is 1" lazy="lazy route loaded"
[wm] perf t=37762 composites=591 ns=5179024914 max=44286776 motions=24 curmoves=16 curns=470999 full=23 rects=593 cpx=195288143 fpx=195288143 presns=388121052 torn=7 defer=241 late=7 drawmax=919 evdrop=0
[layout-perf] svg_decodes=0 svg_ms=0 trials=0 items=20
[wm] ptr 438 173
[wm] perf t=39762 composites=597 ns=5231420651 max=44286776 motions=27 curmoves=18 curns=525999 full=23 rects=599 cpx=197117068 fpx=197117068 presns=391709033 torn=7 defer=241 late=7 drawmax=919 evdrop=0
[wm] perf t=40783 composites=677 ns=5867636454 max=44286776 motions=27 curmoves=18 curns=525999 full=25 rects=679 cpx=222752828 fpx=222752828 presns=439001797 torn=7 defer=291 late=7 drawmax=919 evdrop=0
[time] tickloss +9/s worstgap=90416us missed=77 of 4086 expected (1.884% of the clock); uptime 41s
[wm] perf t=41784 composites=743 ns=6468169423 max=44286776 motions=27 curmoves=18 curns=525999 full=27 rects=745 cpx=250073428 fpx=250073428 presns=487160552 torn=7 defer=325 late=7 drawmax=919 evdrop=0
[wm] perf t=42799 composites=781 ns=6786882823 max=44286776 motions=27 curmoves=18 curns=525999 full=27 rects=783 cpx=263108968 fpx=263108968 presns=512119429 torn=7 defer=336 late=7 drawmax=919 evdrop=0
[time] tickloss +8/s worstgap=90416us missed=85 of 4286 expected (1.983% of the clock); uptime 43s
[browser] load: http://10.0.2.2:54254/
[wa] t=42710 (+11820) nav
[wa] t=42740 (+30) idle reqs=1 dials=1 reuses=0
[wa] t=42740 (+0) docdone status=200 len=1825
[layout-perf] svg_decodes=0 svg_ms=0 trials=0 items=0
[style-perf] phase=first bytes=0 cascade_ms=0 extra_ms=0 layout_ms=0 items=0 pseudo_compose=0 pseudo_skip=0
[dl] painted text: 0 run(s), 0 byte(s)
[dl] ---8<--- begin painted text
[dl] ---8<--- end painted text
[css-import] 0 loaded, 0 failed, 0 cycles, 0 limited, 0 unsupported; 0 requests, 0 bytes
[wm] perf t=43806 composites=808 ns=7069143400 max=44286776 motions=27 curmoves=18 curns=525999 full=27 rects=810 cpx=274527228 fpx=274527228 presns=534035316 torn=7 defer=336 late=7 drawmax=919 evdrop=0
[layout-perf] svg_decodes=0 svg_ms=0 trials=0 items=0
[style-perf] phase=full bytes=0 cascade_ms=30 extra_ms=0 layout_ms=0 items=0 pseudo_compose=0 pseudo_skip=0
[browser] heap peak 12443K
[css] linked: 0 <style>, 0 <link rel=stylesheet> (0 not fetched)
[css] fetched: 0 ok, 0 empty, 0 http-error, 0 transport-error
[css] bytes: 0 inline + 0 external = 0 to the parser  (nothing truncated)
[css] parsed: 0 sheet(s) accepted, 0 refused; 0 declarations kept
[css] dropped: 0  (0 selector, 0 at-rule, 0 unknown-prop, 0 bad-value, 0 trailing)
[css] no rule or declaration was discarded
[browser] scripts collected: 0 external classic, 1 external module, 1 inline
[net] rx path: frames 607 irq 87 softirq 40 inline 5 poll 3 idle 0/0 halt/skip
[wa] t=43170 (+430) idle reqs=2 dials=1 reuses=1
#GUEST react t0 body=1475 #root=0 button=none lazy=none
#GUEST react t1 body=1475 #root=0 button=none lazy=none
[wa] t=43390 loadend reqs=2 dials=1 reuses=1 cache ents=14 843K hits=1 rvs=0
[browser] load done: 2 requests, 1 connections dialled, 1 reused, 0 modules loaded (0 failed)
[browser] pool: 11 hits, 0 evicted, 3 closed
[browser] resources: 0 from tab, 1 from network (tab 0 of 1)
[load-complete] elapsed_ms=750
[load-perf] total_ms=750 teardown=40 document=30 first_style_layout_paint=10 styles_fetch=0 full_style_layout_paint=40 images=0 runtime_init=340 scripts_fetch=50 scripts_execute=210 lifecycle_settle=30
[wa] t=43470 (+300) idle reqs=3 dials=1 reuses=2
[js] module loaded 146 bytes: http://10.0.2.2:54254/assets/Lazy-BryBQQ5a.js
#GUEST react t250 body=1611 #root=136 #app=116 button="count is 0" lazy=none
[layout-perf] svg_decodes=0 svg_ms=0 trials=0 items=16
[dl] painted text: 9 run(s), 43 byte(s)
[dl] ---8<--- begin painted text
[dl] 8,82 react
[dl] 93,82 fixture
[dl] 14,140 count
[dl] 58,140 is
[dl] 72,140 0
[dl] 102,140 open
[dl] 140,140 lazy
[dl] 171,140 route
[dl] 8,172 loading…
[dl] ---8<--- end painted text
[layout-perf] svg_decodes=0 svg_ms=0 trials=0 items=20
[dl] painted text: 11 run(s), 48 byte(s)
[dl] ---8<--- begin painted text
[dl] 8,82 react
[dl] 93,82 fixture
[dl] 14,140 count
[dl] 58,140 is
[dl] 72,140 0
[dl] 102,140 open
[dl] 140,140 lazy
[dl] 171,140 route
[dl] 8,172 lazy
[dl] 39,172 route
[dl] 80,172 loaded
[dl] ---8<--- end painted text
#GUEST react t1000 body=1630 #root=155 #app=135 button="count is 0" lazy="lazy route loaded"
#GUEST react t2500 body=1630 #root=155 #app=135 button="count is 0" lazy="lazy route loaded"
#GUEST react t4000 body=1630 #root=155 #app=135 button="count is 0" lazy="lazy route loaded"
#GUEST-BUTTON react x=52 y=90
[layout-perf] svg_decodes=0 svg_ms=0 trials=0 items=20
[layout-perf] svg_decodes=0 svg_ms=0 trials=0 items=20
[wm] ptr 190 278
[layout-perf] svg_decodes=0 svg_ms=0 trials=0 items=20
[layout-perf] svg_decodes=0 svg_ms=0 trials=0 items=20
#GUEST react tclick body=1630 #root=155 #app=135 button="count is 1" lazy="lazy route loaded"
[wm] perf t=49835 composites=840 ns=7379171840 max=44286776 motions=30 curmoves=20 curns=566999 full=27 rects=842 cpx=285870933 fpx=285870933 presns=556616199 torn=7 defer=342 late=7 drawmax=919 evdrop=0
[layout-perf] svg_decodes=0 svg_ms=0 trials=0 items=20
[wm] ptr 438 173
[wm] perf t=51845 composites=864 ns=7413375668 max=44286776 motions=33 curmoves=22 curns=614999 full=27 rects=866 cpx=286857438 fpx=286857438 presns=558749187 torn=8 defer=361 late=8 drawmax=919 evdrop=0
[wm] perf t=52861 composites=934 ns=7970426868 max=44286776 motions=33 curmoves=22 curns=614999 full=28 rects=936 cpx=309784358 fpx=309784358 presns=600370980 torn=10 defer=404 late=10 drawmax=919 evdrop=0
[time] tickloss +15/s worstgap=90416us missed=100 of 5282 expected (1.893% of the clock); uptime 53s
[wm] perf t=53866 composites=1007 ns=8579369795 max=44286776 motions=33 curmoves=22 curns=614999 full=30 rects=1009 cpx=334577698 fpx=334577698 presns=646204740 torn=10 defer=448 late=10 drawmax=919 evdrop=0
[wm] perf t=54891 composites=1042 ns=8928322035 max=44286776 motions=33 curmoves=22 curns=614999 full=31 rects=1044 cpx=350190018 fpx=350190018 presns=673840602 torn=10 defer=457 late=10 drawmax=919 evdrop=0
[wm] perf t=55897 composites=1072 ns=9192158704 max=44286776 motions=33 curmoves=22 curns=614999 full=31 rects=1074 cpx=362518258 fpx=362518258 presns=696839492 torn=10 defer=457 late=10 drawmax=919 evdrop=0
[browser] load: http://10.0.2.2:54255/
[wa] t=54710 (+11240) nav
[wa] t=54720 (+10) idle reqs=1 dials=1 reuses=0
[wa] t=54720 (+0) docdone status=200 len=1826
[layout-perf] svg_decodes=0 svg_ms=0 trials=0 items=0
[style-perf] phase=first bytes=0 cascade_ms=0 extra_ms=0 layout_ms=0 items=0 pseudo_compose=0 pseudo_skip=0
[dl] painted text: 0 run(s), 0 byte(s)
[dl] ---8<--- begin painted text
[dl] ---8<--- end painted text
[css-import] 0 loaded, 0 failed, 0 cycles, 0 limited, 0 unsupported; 0 requests, 0 bytes
[layout-perf] svg_decodes=0 svg_ms=0 trials=0 items=0
[style-perf] phase=full bytes=0 cascade_ms=0 extra_ms=0 layout_ms=0 items=0 pseudo_compose=0 pseudo_skip=0
[browser] heap peak 12443K
[css] linked: 0 <style>, 0 <link rel=stylesheet> (0 not fetched)
[css] fetched: 0 ok, 0 empty, 0 http-error, 0 transport-error
[css] bytes: 0 inline + 0 external = 0 to the parser  (nothing truncated)
[css] parsed: 0 sheet(s) accepted, 0 refused; 0 declarations kept
[css] dropped: 0  (0 selector, 0 at-rule, 0 unknown-prop, 0 bad-value, 0 trailing)
[css] no rule or declaration was discarded
[browser] scripts collected: 0 external classic, 1 external module, 1 inline
[wa] t=55090 (+370) idle reqs=2 dials=1 reuses=1
#GUEST svelte t0 body=1475 #app=0 button=none lazy=none
#GUEST svelte t1 body=1475 #app=0 button=none lazy=none
[wa] t=55180 (+90) idle reqs=3 dials=1 reuses=2
[js] module loaded 156 bytes: http://10.0.2.2:54255/assets/Lazy-C6hPB9cf.js
[wa] t=55180 loadend reqs=4 dials=1 reuses=2 cache ents=18 876K hits=3 rvs=0
[browser] load done: 4 requests, 1 connections dialled, 2 reused, 1 modules loaded (0 failed)
[browser] pool: 14 hits, 0 evicted, 4 closed
[browser] resources: 0 from tab, 1 from network (tab 0 of 1)
[layout-perf] svg_decodes=0 svg_ms=0 trials=0 items=20
[dl] painted text: 11 run(s), 49 byte(s)
[dl] ---8<--- begin painted text
[dl] 8,82 svelte
[dl] 107,82 fixture
[dl] 14,140 count
[dl] 58,140 is
[dl] 72,140 0
[dl] 102,140 open
[dl] 140,140 lazy
[dl] 171,140 route
[dl] 8,172 lazy
[dl] 39,172 route
[dl] 80,172 loaded
[dl] ---8<--- end painted text
[load-complete] elapsed_ms=540
[load-perf] total_ms=540 teardown=30 document=10 first_style_layout_paint=10 styles_fetch=0 full_style_layout_paint=20 images=0 runtime_init=330 scripts_fetch=30 scripts_execute=70 lifecycle_settle=40
#GUEST svelte t250 body=1648 #app=173 button="count is 0" lazy="lazy route loaded"
[wm] perf t=56904 composites=1085 ns=9288564218 max=44286776 motions=33 curmoves=22 curns=614999 full=31 rects=1087 cpx=366791798 fpx=366791798 presns=704343455 torn=10 defer=463 late=10 drawmax=919 evdrop=0
#GUEST svelte t1000 body=1648 #app=173 button="count is 0" lazy="lazy route loaded"
#GUEST svelte t2500 body=1648 #app=173 button="count is 0" lazy="lazy route loaded"
#GUEST svelte t4000 body=1648 #app=173 button="count is 0" lazy="lazy route loaded"
#GUEST-BUTTON svelte x=52 y=90
[time] tickloss +6/s worstgap=90416us missed=106 of 6082 expected (1.742% of the clock); uptime 61s
[layout-perf] svg_decodes=0 svg_ms=0 trials=0 items=20
[layout-perf] svg_decodes=0 svg_ms=0 trials=0 items=20
[wm] ptr 190 278
[layout-perf] svg_decodes=0 svg_ms=0 trials=0 items=20
[layout-perf] svg_decodes=0 svg_ms=0 trials=0 items=20
#GUEST svelte tclick body=1648 #app=173 button="count is 1" lazy="lazy route loaded"
[wm] perf t=61929 composites=1103 ns=9423854538 max=44286776 motions=36 curmoves=24 curns=660998 full=31 rects=1105 cpx=371332303 fpx=371332303 presns=713223409 torn=10 defer=466 late=10 drawmax=919 evdrop=0
[layout-perf] svg_decodes=0 svg_ms=0 trials=0 items=20
[wm] ptr 438 173
[wm] perf t=63934 composites=1202 ns=9481652248 max=44286776 motions=39 curmoves=26 curns=723998 full=31 rects=1204 cpx=373161228 fpx=373161228 presns=716916389 torn=11 defer=559 late=11 drawmax=919 evdrop=0
[wm] perf t=64934 composites=1262 ns=9989209700 max=44286776 motions=39 curmoves=26 curns=723998 full=32 rects=1264 cpx=393591608 fpx=393591608 presns=754216199 torn=13 defer=594 late=13 drawmax=919 evdrop=0
[time] tickloss +16/s worstgap=90416us missed=122 of 6480 expected (1.882% of the clock); uptime 65s
[wm] perf t=65952 composites=1335 ns=10620474519 max=44286776 motions=39 curmoves=26 curns=723998 full=34 rects=1337 cpx=420945988 fpx=420945988 presns=802595952 torn=13 defer=634 late=13 drawmax=919 evdrop=0
[time] tickloss +7/s worstgap=90416us missed=129 of 6580 expected (1.960% of the clock); uptime 66s
[wm] perf t=66952 composites=1393 ns=11027359472 max=44286776 motions=39 curmoves=26 curns=723998 full=35 rects=1395 cpx=437366948 fpx=437366948 presns=832929804 torn=13 defer=666 late=13 drawmax=919 evdrop=0
[time] tickloss +7/s worstgap=90416us missed=136 of 6679 expected (2.036% of the clock); uptime 67s
[wm] perf t=67953 composites=1423 ns=11313673036 max=44286776 motions=39 curmoves=26 curns=723998 full=35 rects=1425 cpx=449695188 fpx=449695188 presns=855716695 torn=13 defer=666 late=13 drawmax=919 evdrop=0
[browser] load: http://10.0.2.2:54256/
[wa] t=66520 (+11340) nav
[wa] t=66530 (+10) idle reqs=1 dials=1 reuses=0
[wa] t=66530 (+0) docdone status=200 len=1896
[layout-perf] svg_decodes=0 svg_ms=0 trials=0 items=0
[style-perf] phase=first bytes=0 cascade_ms=0 extra_ms=0 layout_ms=0 items=0 pseudo_compose=0 pseudo_skip=0
[dl] painted text: 0 run(s), 0 byte(s)
[dl] ---8<--- begin painted text
[dl] ---8<--- end painted text
[wa] t=66570 (+40) idle reqs=2 dials=1 reuses=1
[browser] fetch failed (status 404) /assets/index-CsUDhMuy.css: no error
[css-import] 0 loaded, 0 failed, 0 cycles, 0 limited, 0 unsupported; 0 requests, 0 bytes
[layout-perf] svg_decodes=0 svg_ms=0 trials=0 items=0
[style-perf] phase=full bytes=0 cascade_ms=0 extra_ms=0 layout_ms=0 items=0 pseudo_compose=0 pseudo_skip=0
[browser] heap peak 12443K
[css] linked: 0 <style>, 1 <link rel=stylesheet> (0 not fetched)
[css] fetched: 0 ok, 0 empty, 0 http-error, 1 transport-error  (content-type: NOT CHECKED -- no MIME filter on <link>)
[css] bytes: 0 inline + 0 external = 0 to the parser  (nothing truncated)
[css] parsed: 0 sheet(s) accepted, 0 refused; 0 declarations kept
[css] dropped: 0  (0 selector, 0 at-rule, 0 unknown-prop, 0 bad-value, 0 trailing)
[css] no rule or declaration was discarded
[browser] scripts collected: 0 external classic, 1 external module, 1 inline
[wa] t=66940 (+370) idle reqs=3 dials=1 reuses=2
#GUEST vite t0 body=1473 #app=0 button=none lazy=none
#GUEST vite t1 body=1473 #app=0 button=none lazy=none
[wa] t=67000 (+60) idle reqs=4 dials=1 reuses=3
[js] module loaded 64 bytes: http://10.0.2.2:54256/assets/lazy-DIbhNPa0.js
[wa] t=67020 loadend reqs=4 dials=1 reuses=3 cache ents=21 880K hits=3 rvs=0
[browser] load done: 4 requests, 1 connections dialled, 3 reused, 1 modules loaded (0 failed)
[browser] pool: 17 hits, 0 evicted, 5 closed
[browser] resources: 0 from tab, 1 from network (tab 0 of 1)
[layout-perf] svg_decodes=0 svg_ms=0 trials=0 items=20
[dl] painted text: 11 run(s), 47 byte(s)
[dl] ---8<--- begin painted text
[dl] 8,96 vite
[dl] 73,96 fixture
[dl] 14,154 count
[dl] 58,154 is
[dl] 72,154 0
[dl] 102,154 open
[dl] 140,154 lazy
[dl] 171,154 route
[dl] 8,186 lazy
[dl] 39,186 chunk
[dl] 85,186 loaded
[dl] ---8<--- end painted text
[load-complete] elapsed_ms=560
[load-perf] total_ms=560 teardown=20 document=10 first_style_layout_paint=10 styles_fetch=40 full_style_layout_paint=10 images=20 runtime_init=310 scripts_fetch=40 scripts_execute=60 lifecycle_settle=40
#GUEST vite t250 body=1647 #app=174 button="count is 0" lazy="lazy chunk loaded"
[wm] perf t=68953 composites=1451 ns=11522285986 max=44286776 motions=39 curmoves=26 curns=723998 full=35 rects=1453 cpx=458248388 fpx=458248388 presns=871279618 torn=13 defer=680 late=13 drawmax=919 evdrop=0
#GUEST vite t1000 body=1647 #app=174 button="count is 0" lazy="lazy chunk loaded"
#GUEST vite t2500 body=1647 #app=174 button="count is 0" lazy="lazy chunk loaded"
#GUEST vite t4000 body=1647 #app=174 button="count is 0" lazy="lazy chunk loaded"
#GUEST-BUTTON vite x=52 y=104
[layout-perf] svg_decodes=0 svg_ms=0 trials=0 items=20
[layout-perf] svg_decodes=0 svg_ms=0 trials=0 items=20
[wm] ptr 190 292
[layout-perf] svg_decodes=0 svg_ms=0 trials=0 items=20
[wm] perf t=73954 composites=1469 ns=11637961405 max=44286776 motions=42 curmoves=28 curns=769998 full=35 rects=1471 cpx=461946473 fpx=461946473 presns=878619582 torn=13 defer=684 late=13 drawmax=919 evdrop=0
[layout-perf] svg_decodes=0 svg_ms=0 trials=0 items=20
#GUEST vite tclick body=1647 #app=174 button="count is 1" lazy="lazy chunk loaded"
[layout-perf] svg_decodes=0 svg_ms=0 trials=0 items=20
[wm] ptr 438 173
[netlock] acq 112241 recursive 939 maxdepth 2 violations 0
[wm] perf t=75956 composites=1522 ns=11688940149 max=44286776 motions=45 curmoves=30 curns=812998 full=36 rects=1524 cpx=463723473 fpx=463723473 presns=882045565 torn=13 defer=732 late=13 drawmax=919 evdrop=0
[wm] perf t=76956 composites=1619 ns=12101425083 max=44286776 motions=45 curmoves=30 curns=812998 full=37 rects=1621 cpx=480092613 fpx=480092613 presns=913385408 torn=16 defer=810 late=16 drawmax=919 evdrop=0
[time] tickloss +15/s worstgap=90416us missed=151 of 7677 expected (1.966% of the clock); uptime 77s
[wm] perf t=77959 composites=1716 ns=12791526619 max=44286776 motions=45 curmoves=30 curns=812998 full=39 rects=1718 cpx=508255633 fpx=508255633 presns=964326152 torn=16 defer=874 late=16 drawmax=919 evdrop=0
[wm] perf t=78960 composites=1793 ns=13359296762 max=44286776 motions=45 curmoves=30 curns=812998 full=40 rects=1795 cpx=531382173 fpx=531382173 presns=1006835935 torn=16 defer=918 late=16 drawmax=919 evdrop=0
[wm] perf t=79978 composites=1818 ns=13629360402 max=44286776 motions=45 curmoves=30 curns=812998 full=40 rects=1820 cpx=541924233 fpx=541924233 presns=1027292830 torn=16 defer=918 late=16 drawmax=919 evdrop=0
[browser] load: http://10.0.2.2:54257/
[wa] t=78280 (+11280) nav
[wa] t=78290 (+10) idle reqs=1 dials=1 reuses=0
[wa] t=78290 (+0) docdone status=200 len=1820
[layout-perf] svg_decodes=0 svg_ms=0 trials=0 items=0
[style-perf] phase=first bytes=0 cascade_ms=0 extra_ms=0 layout_ms=0 items=0 pseudo_compose=0 pseudo_skip=0
[dl] painted text: 0 run(s), 0 byte(s)
[dl] ---8<--- begin painted text
[dl] ---8<--- end painted text
[css-import] 0 loaded, 0 failed, 0 cycles, 0 limited, 0 unsupported; 0 requests, 0 bytes
[layout-perf] svg_decodes=0 svg_ms=0 trials=0 items=0
[style-perf] phase=full bytes=0 cascade_ms=0 extra_ms=0 layout_ms=0 items=0 pseudo_compose=0 pseudo_skip=0
[browser] heap peak 12443K
[css] linked: 0 <style>, 0 <link rel=stylesheet> (0 not fetched)
[css] fetched: 0 ok, 0 empty, 0 http-error, 0 transport-error
[css] bytes: 0 inline + 0 external = 0 to the parser  (nothing truncated)
[css] parsed: 0 sheet(s) accepted, 0 refused; 0 declarations kept
[css] dropped: 0  (0 selector, 0 at-rule, 0 unknown-prop, 0 bad-value, 0 trailing)
[css] no rule or declaration was discarded
[browser] scripts collected: 0 external classic, 1 external module, 1 inline
[wa] t=78680 (+390) idle reqs=2 dials=1 reuses=1
#GUEST vue t0 body=1472 #app=0 button=none lazy=none
#GUEST vue t1 body=1472 #app=0 button=none lazy=none
[wa] t=78810 (+130) idle reqs=3 dials=1 reuses=2
[js] module loaded 233 bytes: http://10.0.2.2:54257/assets/Lazy-CHo_L64c.js
[wa] t=78830 loadend reqs=4 dials=1 reuses=2 cache ents=24 945K hits=4 rvs=0
[browser] load done: 4 requests, 1 connections dialled, 2 reused, 1 modules loaded (0 failed)
[browser] pool: 19 hits, 0 evicted, 6 closed
[browser] resources: 0 from tab, 1 from network (tab 0 of 1)
[layout-perf] svg_decodes=0 svg_ms=0 trials=0 items=20
[dl] painted text: 11 run(s), 46 byte(s)
[dl] ---8<--- begin painted text
[dl] 8,82 vue
[dl] 71,82 fixture
[dl] 14,140 count
[dl] 58,140 is
[dl] 72,140 0
[dl] 102,140 open
[dl] 140,140 lazy
[dl] 171,140 route
[dl] 8,172 lazy
[dl] 39,172 route
[dl] 80,172 loaded
[dl] ---8<--- end painted text
[load-complete] elapsed_ms=610
[load-perf] total_ms=610 teardown=20 document=10 first_style_layout_paint=10 styles_fetch=0 full_style_layout_paint=40 images=20 runtime_init=310 scripts_fetch=40 scripts_execute=120 lifecycle_settle=40
[wm] perf t=80979 composites=1839 ns=13913413973 max=44286776 motions=45 curmoves=30 curns=812998 full=40 rects=1841 cpx=553139813 fpx=553139813 presns=1048482721 torn=16 defer=918 late=16 drawmax=919 evdrop=0
#GUEST vue t250 body=1639 #app=153 button="count is 0" lazy="lazy route loaded"
#GUEST vue t1000 body=1639 #app=153 button="count is 0" lazy="lazy route loaded"
#GUEST vue t2500 body=1639 #app=153 button="count is 0" lazy="lazy route loaded"
#GUEST vue t4000 body=1639 #app=153 button="count is 0" lazy="lazy route loaded"
#GUEST-BUTTON vue x=52 y=90
[layout-perf] svg_decodes=0 svg_ms=0 trials=0 items=20
[layout-perf] svg_decodes=0 svg_ms=0 trials=0 items=20
[wm] perf t=85984 composites=1853 ns=14078489145 max=44286776 motions=48 curmoves=32 curns=880998 full=40 rects=1855 cpx=556816693 fpx=556816693 presns=1056875678 torn=16 defer=918 late=16 drawmax=919 evdrop=0
[wm] ptr 190 278
[layout-perf] svg_decodes=0 svg_ms=0 trials=0 items=20
[layout-perf] svg_decodes=0 svg_ms=0 trials=0 items=20
#GUEST vue tclick body=1639 #app=153 button="count is 1" lazy="lazy route loaded"
[wm] perf t=86993 composites=1866 ns=14165310708 max=44286776 motions=48 curmoves=32 curns=880998 full=40 rects=1868 cpx=559426598 fpx=559426598 presns=1062073653 torn=16 defer=926 late=16 drawmax=919 evdrop=0
[layout-perf] svg_decodes=0 svg_ms=0 trials=0 items=20
[wm] ptr 438 173
[wm] perf t=88003 composites=1868 ns=14182577622 max=44286776 motions=51 curmoves=34 curns=938998 full=40 rects=1870 cpx=559488038 fpx=559488038 presns=1062310652 torn=16 defer=926 late=16 drawmax=919 evdrop=0
[wm] perf t=89030 composites=1988 ns=14486227099 max=44286776 motions=51 curmoves=34 curns=938998 full=41 rects=1990 cpx=570673003 fpx=570673003 presns=1083164547 torn=19 defer=1032 late=19 drawmax=919 evdrop=0
[wm] perf t=90037 composites=2064 ns=15105758976 max=44286776 motions=51 curmoves=34 curns=938998 full=42 rects=2066 cpx=596127183 fpx=596127183 presns=1129198307 torn=19 defer=1078 late=19 drawmax=919 evdrop=0
[wm] perf t=91042 composites=2120 ns=15619480371 max=44286776 motions=51 curmoves=34 curns=938998 full=44 rects=2122 cpx=617618403 fpx=617618403 presns=1167617106 torn=19 defer=1107 late=19 drawmax=919 evdrop=0
[wm] perf t=92042 composites=2146 ns=15890156003 max=44286776 motions=51 curmoves=34 curns=938998 full=44 rects=2148 cpx=628194243 fpx=628194243 presns=1187867009 torn=19 defer=1107 late=19 drawmax=919 evdrop=0
[browser] load: http://10.0.2.2:54258/
[wa] t=90310 (+11500) nav
[wa] t=90330 (+20) idle reqs=1 dials=1 reuses=0
[wa] t=90330 (+0) docdone status=200 len=1637
[layout-perf] svg_decodes=0 svg_ms=0 trials=0 items=0
[style-perf] phase=first bytes=0 cascade_ms=0 extra_ms=0 layout_ms=0 items=0 pseudo_compose=0 pseudo_skip=0
[dl] painted text: 0 run(s), 0 byte(s)
[dl] ---8<--- begin painted text
[dl] ---8<--- end painted text
[css-import] 0 loaded, 0 failed, 0 cycles, 0 limited, 0 unsupported; 0 requests, 0 bytes
[layout-perf] svg_decodes=0 svg_ms=0 trials=0 items=0
[style-perf] phase=full bytes=0 cascade_ms=0 extra_ms=0 layout_ms=0 items=0 pseudo_compose=0 pseudo_skip=0
[browser] heap peak 12443K
[css] linked: 0 <style>, 0 <link rel=stylesheet> (0 not fetched)
[css] fetched: 0 ok, 0 empty, 0 http-error, 0 transport-error
[css] bytes: 0 inline + 0 external = 0 to the parser  (nothing truncated)
[css] parsed: 0 sheet(s) accepted, 0 refused; 0 declarations kept
[css] dropped: 0  (0 selector, 0 at-rule, 0 unknown-prop, 0 bad-value, 0 trailing)
[css] no rule or declaration was discarded
[browser] scripts collected: 1 external classic, 0 external module, 1 inline
[wa] t=90750 (+420) idle reqs=2 dials=1 reuses=1
#GUEST webpack t0 body=1614 #app=148 button="count is 0" lazy=""
#GUEST webpack t1 body=1614 #app=148 button="count is 0" lazy=""
[wa] t=90780 (+30) idle reqs=3 dials=1 reuses=2
[wa] t=90780 loadend reqs=3 dials=1 reuses=2 cache ents=27 950K hits=4 rvs=0
[browser] load done: 3 requests, 1 connections dialled, 2 reused, 0 modules loaded (0 failed)
[browser] pool: 21 hits, 0 evicted, 7 closed
[browser] resources: 0 from tab, 1 from network (tab 0 of 1)
[layout-perf] svg_decodes=0 svg_ms=0 trials=0 items=20
[dl] painted text: 11 run(s), 50 byte(s)
[dl] ---8<--- begin painted text
[dl] 8,82 webpack
[dl] 153,82 fixture
[dl] 14,140 count
[dl] 58,140 is
[dl] 72,140 0
[dl] 102,140 open
[dl] 140,140 lazy
[dl] 171,140 route
[dl] 8,172 lazy
[dl] 39,172 chunk
[dl] 85,172 loaded
[dl] ---8<--- end painted text
[wm] perf t=93062 composites=2169 ns=16105723917 max=44286776 motions=51 curmoves=34 curns=938998 full=44 rects=2171 cpx=636882563 fpx=636882563 presns=1203841931 torn=19 defer=1112 late=19 drawmax=919 evdrop=0
[load-complete] elapsed_ms=540
[load-perf] total_ms=540 teardown=30 document=20 first_style_layout_paint=10 styles_fetch=0 full_style_layout_paint=20 images=0 runtime_init=370 scripts_fetch=30 scripts_execute=20 lifecycle_settle=40
#GUEST webpack t250 body=1631 #app=165 button="count is 0" lazy="lazy chunk loaded"
#GUEST webpack t1000 body=1631 #app=165 button="count is 0" lazy="lazy chunk loaded"
#GUEST webpack t2500 body=1631 #app=165 button="count is 0" lazy="lazy chunk loaded"
#GUEST webpack t4000 body=1631 #app=165 button="count is 0" lazy="lazy chunk loaded"
#GUEST-BUTTON webpack x=52 y=90
[wm] perf t=98081 composites=2184 ns=16291084985 max=44286776 motions=53 curmoves=35 curns=972998 full=44 rects=2186 cpx=641401863 fpx=641401863 presns=1213626882 torn=19 defer=1112 late=19 drawmax=919 evdrop=0
[layout-perf] svg_decodes=0 svg_ms=0 trials=0 items=20
[layout-perf] svg_decodes=0 svg_ms=0 trials=0 items=20
[wm] ptr 190 278
[layout-perf] svg_decodes=0 svg_ms=0 trials=0 items=20
[layout-perf] svg_decodes=0 svg_ms=0 trials=0 items=20
#GUEST webpack tclick body=1631 #app=165 button="count is 1" lazy="lazy chunk loaded"
[wm] perf t=99082 composites=2192 ns=16364719614 max=44286776 motions=54 curmoves=36 curns=998997 full=44 rects=2194 cpx=644011768 fpx=644011768 presns=1218644856 torn=19 defer=1115 late=19 drawmax=919 evdrop=0
