== visit 1 ==
  nav (address bar -> fetch armed)                           t=15510      +None ms
  docdone (document settled)                                 t=15620      +110 ms
  idle (a subresource batch drained; reqs/dials/reuses cumulative: (1, 1, 0)) t=15620      +0 ms
  idle (a subresource batch drained; reqs/dials/reuses cumulative: (4, 3, 1)) t=15930      +310 ms
  idle (a subresource batch drained; reqs/dials/reuses cumulative: (14, 3, 11)) t=17060      +1130 ms
  idle (a subresource batch drained; reqs/dials/reuses cumulative: (22, 3, 19)) t=19430      +2370 ms
  WA-T0..WA-END (first script ran -> last script ran; page clock, own segment) t=None       +1640.0 page-ms
  loadend (bfetch_stats, one clock with nav)                 t=18740      +3230 ms
  load done: 14 requests, 3 dialled, 11 reused
  idle stamps: [(15620, 1, 1, 0), (15930, 4, 3, 1), (17060, 14, 3, 11), (19430, 22, 3, 19)]
== visit 2 ==
  nav (address bar -> fetch armed)                           t=27640      +None ms
  docdone (document settled)                                 t=27640      +0 ms
  WA-T0..WA-END (first script ran -> last script ran; page clock, own segment) t=None       +1610.0 page-ms
  loadend (bfetch_stats, one clock with nav)                 t=30160      +2520 ms
  load done: 14 requests, 0 dialled, 0 reused
first=3230 ms second=2520 ms ratio=0.780 dials 3->0 hits2=14
{
 "gate": null,
 "why": "measured, ungated (--json-only)"
}
