python3 tests/unit/block_dma_test.py --root . --build build/drivers/readability/dma-block --controls-only
PASS: nvme_old_pointer fails the explicit driver assertion
PASS: nvme_old_stop fails the explicit driver assertion
PASS: nvme_zero_neighbours fails the explicit driver assertion
PASS: ahci_old_pointer fails the explicit driver assertion
python3 tests/unit/block_dma_test.py --root . --build build/drivers/readability/dma-block --positive-only
NVMe DMA: 35 checks, 0 failures
AHCI DMA: 13 checks, 0 failures
WIFI_NEGCTL: unauthenticated CCMP plaintext and PN advancement rejected
WIFI_STATION: 148 checks, 0 failures
test_ci_and_control_inventories (__main__.NestedMakeTests.test_ci_and_control_inventories) ... ok
test_comment_recipe_and_partial_filename_are_not_edges (__main__.NestedMakeTests.test_comment_recipe_and_partial_filename_are_not_edges) ... ok
test_continuations_multiple_paths_comments_and_cycle (__main__.NestedMakeTests.test_continuations_multiple_paths_comments_and_cycle) ... ok
test_declared_exception_is_path_specific (__main__.NestedMakeTests.test_declared_exception_is_path_specific) ... ok
test_missing_then_restored_edge (__main__.NestedMakeTests.test_missing_then_restored_edge) ... ok
test_nested_link_prerequisites_are_checked (__main__.NestedMakeTests.test_nested_link_prerequisites_are_checked) ... ok
test_same_leaf_is_not_same_fragment (__main__.NestedMakeTests.test_same_leaf_is_not_same_fragment) ... ok

----------------------------------------------------------------------
Ran 7 tests in 0.049s

OK
negative control: nested fragment without include is UNREACHABLE
mk-wired: ok (365 fragments, 364 reachable from the Makefile, 1 declared)
  declared: tests/schedneg.mk -- a `make -f` wrapper that includes the Makefile itself; including it back would recurse (see its own header)
