[cpu] AuthenticAMD -- QEMU TCG CPU version 2.5+
[cpu] 48/56 known features present: fpu tsc msr cmov clflush mmx fxsr sse sse2 htt sse3 pclmulqdq monitor ssse3 fma cx16 sse4.1 sse4.2 x2apic movbe popcnt aes xsave avx f16c rdrand hypervisor fsgsbase bmi1 avx2 smep bmi2 erms rdseed adx smap clflushopt sha_ni umip pku vaes rdpid lzcnt prefetchw nx pdpe1gb rdtscp lm
[cpu] xsave: 2696 B holds every supported state, xcr0 mask 0x21f, osxsave=0 (AVX deliberately off -- see boot/long.asm)
[cpu] aes-gcm backend: aesni (constant-time); rdrand=1 rdseed=1
[cpu] aes-gcm 16 KiB: aesni=857000 cycles, c=8339000 cycles, speedup x9.73

[logitos] long mode, C kernel running
[rust] inflate selftest OK
[prot] bsp: nx sup/ON  wxsplit ON  smep sup/ON  smap sup/off
[time] source=tsc 1000.114 MHz res=1ns  (invariant-tsc=no hypervisor=yes calib=pit-ch2)
[time] fallback=pit 100 Hz res=10000000ns  timers=heap/128  mono=64-bit ns (wraps in 584 years)
[time] calib samples(Hz) 999932179 1000223492 1000114250 -> median chosen
[cpu] simd selftest: backend=aesni xmm_corrupt=0 (19 ticks) crypto_mismatch=0 kat=0 (676 rounds, 6 ticks)
CPU_SIMD_SELFTEST_OK
[mm] boot: 262109 frames total (1023 MiB), 258226 free, 3883 used, 0 shared, 3883 refs (+0 saved = 0 KiB), 0 pinned, 0 bugs
[mm] boot: metadata 831 KiB (bitmap + poison map + 2-byte refcounts + pins), poison level 1
[mm] boot: 0 frames pinned against reclaim, 128 reserve frames (0 dips), 0 allocations refused
[mm] low: 258225 frames free (1008 MiB), 3884 used, 0 shared, 0 bugs
[mm] low: 257969 frames free (1007 MiB), 4140 used, 0 shared, 0 bugs
[mm] low: 257713 frames free (1006 MiB), 4396 used, 0 shared, 0 bugs
[mm] low: 257457 frames free (1005 MiB), 4652 used, 0 shared, 0 bugs
[mm] low: 257201 frames free (1004 MiB), 4908 used, 0 shared, 0 bugs
[mm] low: 256945 frames free (1003 MiB), 5164 used, 0 shared, 0 bugs
[rmap] 262109 frames, 393163 nodes (5663 KiB total: 1023 KiB heads + 4607 KiB nodes)
[logitos] interrupts + memory + gdt/tss online
[mm] low: 256689 frames free (1002 MiB), 5420 used, 0 shared, 0 bugs
[mm] low: 256433 frames free (1001 MiB), 5676 used, 0 shared, 0 bugs
[mm] low: 256177 frames free (1000 MiB), 5932 used, 0 shared, 0 bugs
[mm] low: 255921 frames free (999 MiB), 6188 used, 0 shared, 0 bugs
[pcache] up: 131054 page slots (524216 KiB ceiling), 32 file slots, 32768 buckets; tables 4224 KiB from the PMM (16 B/frame of RAM)
[klog] ring 512 lines x 112 bytes; `cat /dev/kmsg`, `cat /dev/kstat`
[acpi] RSDP from the bootloader's multiboot2 tag
[pci] no MCFG; legacy 0xCF8 config ports (no extended caps)
[pci] 7 function(s) enumerated across all buses
[mm] low: 255665 frames free (998 MiB), 6444 used, 0 shared, 0 bugs
[mm] low: 255409 frames free (997 MiB), 6700 used, 0 shared, 0 bugs
[mm] low: 255153 frames free (996 MiB), 6956 used, 0 shared, 0 bugs
[mm] low: 254897 frames free (995 MiB), 7212 used, 0 shared, 0 bugs
[kheap] grow #1: +4096 KiB -> arena 4096 KiB, live 0 KiB, free 4095 KiB, over-allocated 0 KiB
[rust] png selftest OK
[virtio] 1050 up (0000:00:03.0, 2 queues)
[mm] low: 254641 frames free (994 MiB), 7468 used, 0 shared, 0 bugs
[mm] low: 254385 frames free (993 MiB), 7724 used, 0 shared, 0 bugs
[mm] low: 254129 frames free (992 MiB), 7980 used, 0 shared, 0 bugs
[mm] low: 253873 frames free (991 MiB), 8236 used, 0 shared, 0 bugs
[virtio-gpu] 1280x800, RAM fb @ 0x1cdb000, cursor plane yes
[virtio] 1001 up (0000:00:02.0, 4 queues)
[virtio-blk] ready, cache=writeback (barriers REQUIRED)
[blk] vblk0: virtio-blk, 1048576 sectors (512.0 MiB)
[part] vblk0: no partition table (raw filesystem image)
[blk] 1 disk, 0 partitions; root = vblk0 (LogitFS superblock)
[fsck] mount check: clean
[fs] mounted
[fs] /proc mounted
[pcache] backend installed over c/fs/vfs.h (statx + vfs_pread, VFS-identity gated)
[set] /etc/settings.conf: 0 keys, none stored (defaults)
SETTINGS_READY diag=1 keys=0
SETTINGS_SELFTEST offsets=712 failures=0
[tls] trust store: 130 roots, 0 skipped
[tls]   isrg_x1 isrg_x2 digicert_global_ca digicert_global_g2 digicert_global_g3
[tls]   globalsign_r1 globalsign_r3 gts_r1 gts_r4 usertrust_rsa usertrust_ecc
[tls]   amazon_root_1 amazon_root_3 dtrust_root3_2009 sslcom_ecc_2022
[tls]   aaa_certificate_services accvraiz1 actalis_authentication_root_ca
[tls]   affirmtrust_commercial affirmtrust_networking affirmtrust_premium
[tls]   affirmtrust_premium_ecc amazon_root_ca_2 amazon_root_ca_4
[tls]   atos_trustedroot_2011 autoridad_de_certificacion_firmaprofesional_cif_
[tls]   baltimore_cybertrust_root buypass_class_2_root_ca buypass_class_3_root_ca
[tls]   ca_disig_root_r2 certigna certigna_root_ca certsign certsign_sa
[tls]   certum_trusted_network_ca cfca_ev_root chambers_of_commerce_root_2008
[tls]   chunghwa_telecom_co comodo_certification_authority
[tls]   comodo_ecc_certification_authority comodo_rsa_certification_authority
[tls]   cybertrust_global_root d_trust_root_class_3_ca_2_ev_2009
[tls]   digicert_assured_id_root_ca digicert_assured_id_root_g2
[tls]   digicert_assured_id_root_g3 digicert_high_assurance_ev_root_ca
[tls]   digicert_trusted_root_g4 e_szigno_root_ca_2017 e_tugra_certification_authority
[tls]   ec_acc emsign_ecc_root_ca_c3 emsign_ecc_root_ca_g3 emsign_root_ca_c1
[tls]   emsign_root_ca_g1 entrust_net_certification_authority_2048
[tls]   entrust_root_certification_authority entrust_root_certification_authority_ec1
[tls]   entrust_root_certification_authority_g2
[tls]   entrust_root_certification_authority_g4 fnmt_rcm gdca_trustauth_r5_root
[tls]   geotrust_global_ca geotrust_primary_certification_authority_g2
[tls]   global_chambersign_root_2008 globalsign globalsign_1 globalsign_2 globalsign_3
[tls]   go_daddy_root_certificate_authority_g2 gts_root_r2 gts_root_r3
[tls]   hellenic_academic_and_research_institutions_ecc_
[tls]   hellenic_academic_and_research_institutions_root
[tls]   hellenic_academic_and_research_institutions_root_1 hongkong_post_root_ca_1
[tls]   hongkong_post_root_ca_3 identrust_commercial_root_ca_1
[tls]   identrust_public_sector_root_ca_1 izenpe_com microsec_e_szigno_root_ca_2009
[tls]   microsoft_ecc_root_certificate_authority_2017
[tls]   microsoft_rsa_root_certificate_authority_2017
[tls]   naver_global_root_certification_authority
[tls]   netlock_arany_class_gold_f_c5_91tan_c3_bas_c3_ad
[tls]   network_solutions_certificate_authority oiste_wisekey_global_root_gb_ca
[tls]   oiste_wisekey_global_root_gc_ca quovadis_root_ca_1_g3 quovadis_root_ca_2
[tls]   quovadis_root_ca_2_g3 quovadis_root_ca_3 quovadis_root_ca_3_g3
[tls]   quovadis_root_certification_authority secom_trust_net secom_trust_systems_co
[tls]   secure_global_ca securesign_rootca11 securetrust_ca sonera_class2_ca
[tls]   ssl_com_ev_root_certification_authority_ecc
[tls]   ssl_com_ev_root_certification_authority_rsa_r2
[tls]   ssl_com_root_certification_authority_ecc
[tls]   ssl_com_root_certification_authority_rsa staat_der_nederlanden_ev_root_ca
[tls]   staat_der_nederlanden_root_ca_g3 starfield_root_certificate_authority_g2
[tls]   starfield_services_root_certificate_authority_g2 starfield_technologies
[tls]   swisssign_gold_ca_g2 swisssign_silver_ca_g2 szafir_root_ca2
[tls]   t_telesec_globalroot_class_2 t_telesec_globalroot_class_3
[tls]   teliasonera_root_ca_v1 the_go_daddy_group trustcor_eca_1
[tls]   trustcor_rootcert_ca_1 trustcor_rootcert_ca_2 trustis_limited
[tls]   trustwave_global_certification_authority
[tls]   trustwave_global_ecc_p256_certification_authorit
[tls]   trustwave_global_ecc_p384_certification_authorit
[tls]   tubitak_kamu_sm_ssl_kok_sertifikasi_surum_1 twca_global_root_ca
[tls]   twca_root_certification_authority uca_extended_validation_root
[tls]   uca_global_g2_root verisign_universal_root_certification_authority
[tls]   xramp_global_certification_authority
[net] e1000: found 8086:100e at 0000:00:04.0
[e1000] link: UP 1000 Mb/s full duplex
[e1000] up: mmio=0xfebc0000
[net] NIC bound: eth0 = e1000  MAC 52:54:0:12:34:56  irq=11
[net] if 1 lo flags up running loopback  127.0.0.1/8
[net] if 2 eth0 flags up running broadcast  mac 52:54:0:12:34:56 drv e1000 irq=11  [primary]
[netlock] acq 3 recursive 0 maxdepth 1 violations 0
[ip6] link-local fe80::5054:ff:fe12:3456 tentative (dad)
[netlock] acq 27 recursive 2 maxdepth 2 violations 0
[netlock] acq 219 recursive 2 maxdepth 2 violations 0
[ip6] dad ok fe80::5054:ff:fe12:3456/64
[ip6] nd fe80::2 -> 52:56:00:00:00:02 stale
[ip6] router fe80::2 lifetime 1800s
[ip6] slaac fec0::5054:ff:fe12:3456/64 valid 86400s pref 14400s
[dhcp] bound 10.0.2.15/24 gw 10.0.2.2 dns 10.0.2.3
[eth] rx 5 (2038 B) arp 0 ip 3 ip6 2 vlan 0 bcast 3 mcast 2
[eth] rx drops: runt 0 toolong 0 not-ours 0 vlan-bad 0 unhandled 0 (last type 0)
[eth] tx 8 (1374 B) padded 1 toolong 0  loopback 0 dropped 0
[arp] rx 0 (req 0 reply 0 grat 0 bad 0) tx (req 1 reply 0 ann 1)
[arp] entries 0  evict 0 expire 0  queued 0 sent 0 dropped 0  unresolved 0 conflicts 0 poison-blocked 0
[net] tcp timers: 10 ms ktimer -> SOFTIRQ_NET (independent of the WM loop)
[mm] low: 253617 frames free (990 MiB), 8492 used, 0 shared, 0 bugs
[mm] low: 253361 frames free (989 MiB), 8748 used, 0 shared, 0 bugs
[mm] low: 253105 frames free (988 MiB), 9004 used, 0 shared, 0 bugs
[mm] low: 252849 frames free (987 MiB), 9260 used, 0 shared, 0 bugs
[kheap] grow #2: +4096 KiB -> arena 8192 KiB, live 2338 KiB, free 5853 KiB, over-allocated 0 KiB
[text] /fonts/ui.ttf: 7655 glyphs, upem=1000
[text] /fonts/mono.ttf: 97 glyphs, upem=1000
[text] /fonts/text.ttf: 6253 glyphs, upem=2048
[mm] low: 252593 frames free (986 MiB), 9516 used, 0 shared, 0 bugs
[mm] low: 252337 frames free (985 MiB), 9772 used, 0 shared, 0 bugs
[mm] low: 252081 frames free (984 MiB), 10028 used, 0 shared, 0 bugs
[mm] low: 251825 frames free (983 MiB), 10284 used, 0 shared, 0 bugs
[kheap] grow #3: +4096 KiB -> arena 12288 KiB, live 5259 KiB, free 7028 KiB, over-allocated 0 KiB
[text] /fonts/ui-bold.ttf: 7655 glyphs, upem=1000
[text] /fonts/mono-bold.ttf: 97 glyphs, upem=1000
[mm] low: 251569 frames free (982 MiB), 10540 used, 0 shared, 0 bugs
[mm] low: 251313 frames free (981 MiB), 10796 used, 0 shared, 0 bugs
[mm] low: 251057 frames free (980 MiB), 11052 used, 0 shared, 0 bugs
[mm] low: 250801 frames free (979 MiB), 11308 used, 0 shared, 0 bugs
[mm] low: 250545 frames free (978 MiB), 11564 used, 0 shared, 0 bugs
[mm] low: 250289 frames free (977 MiB), 11820 used, 0 shared, 0 bugs
[mm] low: 250033 frames free (976 MiB), 12076 used, 0 shared, 0 bugs
[mm] low: 249777 frames free (975 MiB), 12332 used, 0 shared, 0 bugs
[wm] display 1280x800 px, scale 100%, desktop 1280x800 pt
[ime] /ime/pinyin.dat: 967663 bytes, 25945 pinyin keys -- Shift+Space toggles pinyin input
[ime] learn: no /var/ime-learn.conf yet -- ranking is the dictionary's own frequency order until something is committed
[wm] pointer: display cursor plane (motion does not composite)
[wm] dock 9 apps: 0=clock.aex,shown 1=textedit.aex,shown 2=monitor.aex,shown 3=terminal.aex,shown 4=files.aex,shown 5=preview.aex,shown 6=studio.aex,shown 7=browser.aex,shown 8=settings.aex,shown
[wm] menu title 0 LogitOS x0 8 y0 0 x1 102 y1 24
[wm] menu title 1 File x0 118 y0 0 x1 170 y1 24
[wm] menu title 2 View x0 186 y0 0 x1 247 y1 24
[logitos] desktop up; mouse + keyboard armed
[smp] 4 CPU(s) detected, BSP apic_id=0
[ioapic] device IRQs routed via I/O APIC (NIC gsi=11)
[smp] CPU 1 apic_id=1 online
[prot] ap: nx sup/ON  wxsplit ON  smep sup/ON  smap sup/off
[smp] CPU 2 apic_id=2 online
[prot] ap: nx sup/ON  wxsplit ON  smep sup/ON  smap sup/off
[smp] CPU 3 apic_id=3 online
[prot] ap: nx sup/ON  wxsplit ON  smep sup/ON  smap sup/off
[smp] 4/4 CPUs online
[smp] parallel present on 4 cores (IPI 241)
[dev] 0000:00:00.0 8086:1237 class=06.00.00 host-bridge  driver=-
[dev] 0000:00:01.0 8086:7000 class=06.01.00 isa-bridge   driver=-
[dev] 0000:00:01.1 8086:7010 class=01.01.80 ide          driver=- bar4=io:0xc0c0/0x10
[dev] 0000:00:01.3 8086:7113 class=06.80.00 bridge       driver=-
[dev] 0000:00:02.0 1af4:1001 class=01.00.00 scsi         driver=- caps=msix,vndr, bar0=io:0xc000/0x80 bar1=0xfebe0000/0x1000 bar4=0xfebf8000/0x4000
[dev] 0000:00:03.0 1af4:1050 class=03.80.00 display      driver=- caps=msix,vndr, bar1=0xfebe1000/0x1000 bar4=0xfebfc000/0x4000
[dev] 0000:00:04.0 8086:100e class=02.00.00 ethernet     driver=e1000 bar0=0xfebc0000/0x20000 bar1=io:0xc080/0x40
[dev] 7 device(s), 1 bound, 6 unclaimed

LOGIT_BOOT_OK

[wm] desktop live; launching apps as ring-3 processes
[wm] no accounts on this machine: the desktop starts unauthenticated
[aex] 'Finder' is unsigned: no AEX_T_SIG record. Loading anyway (log but allow) -- see the comment above the CRC check in aex.c for what a signature here would and would not mean.
[mm] low: 249521 frames free (974 MiB), 12588 used, 0 shared, 0 bugs
[exec] load files.aex: 21 pages file-backed in 1 areas, 196 copied
[wm] launched Finder
[aex] /bin/login: 35 KiB, container+crc 0 Mcyc, elf 0 Mcyc
[exec] load /bin/login: 5 pages file-backed in 1 areas, 5 copied
[sched] first-run tid 6 (login)
[sched] first-run tid 5 (Finder)
[swap] no eligible device -- swap is OFF (reclaim keeps the drop tier)
[reclaim] watermarks: start below 8190 frames (31 MiB free), stop at 16381 (63 MiB); swap OFF (drop tier only)
login: no accounts on this machine (`login -a NAME` to create one)
[execve] pid 2: /bin/sh loading
[aex] /bin/sh: 44 KiB, container+crc 1 Mcyc, elf 3 Mcyc
[exec] load /bin/sh: 7 pages file-backed in 1 areas, 25 copied
LogitOS shell -- type 'help'
/ $ [wm] ptr 640 400
[wm] win 0 frame 110 70 640 474 content 640 444 pt zoom 0 min 0 Finder
[time] tickloss +2/s worstgap=26102us missed=2 of 201 expected (0.995% of the clock); uptime 2s
[time] tickloss   worst gap: bkl last held by cpu -1 ra=0x117afe via=irqsave(kernel entry, IF=0); tick on cpu 0, pid -1, not in kernel
[time] accuracy n=32 late_us min=197 p50=5082 p90=8787 max=9951 (TCG; delivery is quantised to the 100Hz tick)
[ip6] dad ok fec0::5054:ff:fe12:3456/64
[wm] ptr 832 753
[wm] perf t=2607 composites=19 ns=252333159 max=27539853 motions=5 curmoves=4 curns=910895 full=8 rects=19 cpx=6818352 fpx=6818352 presns=12274596 torn=0 defer=2 late=0 drawmax=20 evdrop=0
[mm] low: 249265 frames free (973 MiB), 12844 used, 10 shared, 0 bugs
[mm] low: 249009 frames free (972 MiB), 13100 used, 10 shared, 0 bugs
[mm] low: 248753 frames free (971 MiB), 13356 used, 10 shared, 0 bugs
[mm] low: 248497 frames free (970 MiB), 13612 used, 10 shared, 0 bugs
[mm] low: 248241 frames free (969 MiB), 13868 used, 10 shared, 0 bugs
[mm] low: 247985 frames free (968 MiB), 14124 used, 10 shared, 0 bugs
[mm] low: 247729 frames free (967 MiB), 14380 used, 10 shared, 0 bugs
[mm] low: 247473 frames free (966 MiB), 14636 used, 10 shared, 0 bugs
[kheap] grow #4: +8192 KiB -> arena 20480 KiB, live 10239 KiB, free 10237 KiB, over-allocated 1 KiB
[mm] low: 247217 frames free (965 MiB), 14892 used, 10 shared, 0 bugs
[mm] low: 246961 frames free (964 MiB), 15148 used, 10 shared, 0 bugs
[mm] low: 246705 frames free (963 MiB), 15404 used, 10 shared, 0 bugs
[mm] low: 246449 frames free (962 MiB), 15660 used, 10 shared, 0 bugs
[mm] low: 246193 frames free (961 MiB), 15916 used, 10 shared, 0 bugs
[mm] low: 245937 frames free (960 MiB), 16172 used, 10 shared, 0 bugs
[mm] low: 245681 frames free (959 MiB), 16428 used, 10 shared, 0 bugs
[mm] low: 245425 frames free (958 MiB), 16684 used, 10 shared, 0 bugs
[mm] low: 245169 frames free (957 MiB), 16940 used, 10 shared, 0 bugs
[mm] low: 244913 frames free (956 MiB), 17196 used, 10 shared, 0 bugs
[mm] low: 244657 frames free (955 MiB), 17452 used, 10 shared, 0 bugs
[mm] low: 244401 frames free (954 MiB), 17708 used, 10 shared, 0 bugs
[mm] low: 244145 frames free (953 MiB), 17964 used, 10 shared, 0 bugs
[exec] load browser.aex: 1140 pages file-backed in 2 areas, 3191 copied
[wm] launched Browser
[sched] first-run tid 20 (Browser)
[time] tickloss +7/s worstgap=86325us missed=9 of 301 expected (2.990% of the clock); uptime 3s
[time] tickloss   worst gap: bkl held by cpu 0 ra=0x136a1e via=bare; tick on cpu 0, pid -1, in kernel
[mm] low: 243889 frames free (952 MiB), 18220 used, 140 shared, 0 bugs
[mm] low: 243633 frames free (951 MiB), 18476 used, 140 shared, 0 bugs
[mm] low: 243377 frames free (950 MiB), 18732 used, 140 shared, 0 bugs
[mm] low: 243121 frames free (949 MiB), 18988 used, 140 shared, 0 bugs
[mm] low: 242865 frames free (948 MiB), 19244 used, 140 shared, 0 bugs
[browser] session restored 0 tabs (restore=1)
[browser] sock probe: rodata=0 stack=1 bss=2 caps=0x1f
[wm] win 1 frame 138 98 1126 670 content 1126 640 pt zoom 0 min 0 Browser
[dl] painted text: 0 run(s), 0 byte(s)
[dl] ---8<--- begin painted text
[dl] ---8<--- end painted text
[netlock] acq 1753 recursive 5 maxdepth 2 violations 0
[wm] ptr 40 780
[wm] perf t=3607 composites=47 ns=615618631 max=44996857 motions=18 curmoves=11 curns=1006883 full=12 rects=47 cpx=13354212 fpx=13354212 presns=24109241 torn=0 defer=5 late=0 drawmax=27 evdrop=0
[browser] ctrl+L: address bar focused
[wm] perf t=4608 composites=69 ns=937507849 max=44996857 motions=18 curmoves=11 curns=1006883 full=12 rects=69 cpx=22986292 fpx=22986292 presns=43383034 torn=0 defer=5 late=0 drawmax=27 evdrop=0
[time] tickloss +14/s worstgap=86325us missed=23 of 501 expected (4.590% of the clock); uptime 5s
[wm] perf t=5609 composites=98 ns=1293177209 max=44996857 motions=18 curmoves=11 curns=1006883 full=12 rects=98 cpx=35280752 fpx=35280752 presns=66088441 torn=0 defer=5 late=0 drawmax=27 evdrop=0
[waitq] 200 ms of waiting: bkl_hlt_wait spin re-tested 57 times / 2 dispatches; blocked sleeper 0 dispatches
[waitq] sem items=192 mutex=1000/1000 softirqs=320 work=1 blocked_now=3

WAITQ_SELFTEST_OK (0 failures)
[browser] load: http://10.0.2.2:65320/target
[wa] t=5630 (+5630) nav
[time] tickloss +10/s worstgap=86325us missed=33 of 601 expected (5.490% of the clock); uptime 6s
[route] 127.0.0.0/8 onlink dev 1 src 127.0.0.1 metric 0 local
[route] 10.0.2.0/24 onlink dev 2 src 10.0.2.15 metric 0
[route] 0.0.0.0/0 via 10.0.2.2 dev 2 src 10.0.2.15 metric 0
[sock] connected 10.0.2.2 via ipv4 ::ffff:10.0.2.2
[wa] t=5750 (+120) idle reqs=1 dials=1 reuses=0
[wa] t=5750 (+0) docdone status=200 len=327
[layout-perf] svg_decodes=0 svg_ms=0 trials=0 items=23
[style-perf] phase=first bytes=0 cascade_ms=30 extra_ms=0 layout_ms=20 items=23 pseudo_compose=0 pseudo_skip=0
[dl] painted text: 13 run(s), 88 byte(s)
[dl] ---8<--- begin painted text
[dl] 8,82 CACHE-GUEST-VERSION
[dl] 378,82 0
[dl] 8,136 Cacheable
[dl] 85,136 document.
[dl] 164,136 Revisit
[dl] 214,136 before
[dl] 262,136 and
[dl] 292,136 after
[dl] 329,136 a
[dl] 341,136 mutation.
[dl] 8,164 Open
[dl] 48,164 mutation
[dl] 117,164 control
[dl] ---8<--- end painted text
[css-import] 0 loaded, 0 failed, 0 cycles, 0 limited, 0 unsupported; 0 requests, 0 bytes
[layout-perf] svg_decodes=0 svg_ms=0 trials=0 items=23
[style-perf] phase=full bytes=0 cascade_ms=0 extra_ms=0 layout_ms=0 items=23 pseudo_compose=0 pseudo_skip=0
[browser] heap peak 5658K
[css] linked: 0 <style>, 0 <link rel=stylesheet> (0 not fetched)
[css] fetched: 0 ok, 0 empty, 0 http-error, 0 transport-error
[css] bytes: 0 inline + 0 external = 0 to the parser  (nothing truncated)
[css] parsed: 0 sheet(s) accepted, 0 refused; 0 declarations kept
[css] dropped: 0  (0 selector, 0 at-rule, 0 unknown-prop, 0 bad-value, 0 trailing)
[css] no rule or declaration was discarded
[mm] low: 242609 frames free (947 MiB), 19500 used, 326 shared, 0 bugs
[mm] low: 242353 frames free (946 MiB), 19756 used, 406 shared, 0 bugs
[time] xcheck src=tsc rtc=5s mono=4398ms tick=4090ms err=-120ppt OK lost=30/439 worstgap=86325us
[time] negctl 2x-tick err=+759ppt -> REJECTED (guard works)
[mm] low: 242097 frames free (945 MiB), 20012 used, 496 shared, 0 bugs
[wm] perf t=6616 composites=115 ns=1471428841 max=44996857 motions=18 curmoves=11 curns=1006883 full=12 rects=115 cpx=41441812 fpx=41441812 presns=77029191 torn=0 defer=7 late=0 drawmax=27 evdrop=0
[mm] low: 241841 frames free (944 MiB), 20268 used, 563 shared, 0 bugs
[js-install] stage=previous-close ms=0
[js-install] stage=JS_NewRuntime ms=40
[js-install] stage=JS_NewContext ms=30
[js-install] stage=page_runtime_open ms=0
[js-install] stage=js_dom_init ms=30
[js-install] stage=js_domparser_install ms=0
[js-install] stage=window-event-target ms=0
[js-install] stage=js_webapi_install ms=150
[js-install] stage=js_select_install ms=40
[js-install] stage=js_intl_install ms=10
[js-install] stage=js_media_install ms=10
[js-install] stage=js_platform_install ms=70
[js-install] stage=js_subtle_install ms=20
[js-install] stage=js_events_install ms=30
[js-install] stage=js_idb_install ms=20
[js-install] stage=js_cache_install ms=10
[js-install] stage=js_swreg_install ms=10
[js-install] stage=js_cssom_install ms=40
[js-install] stage=js_forms_install ms=30
[js-install] stage=js_url_install ms=10
[js-install] stage=js_websocket_install ms=0
[js-install] stage=js_worker_install ms=10
[js-install] stage=js_wasm_install ms=20
[js-install] stage=js_semantics_install ms=40
[js-install] stage=js_canvas_install ms=10
[js-install] stage=js_anim_install ms=20
[js-install] total_ms=650 stages_ms=650 other_ms=0 clock=guest-ms
[browser] scripts collected: 0 external classic, 0 external module, 1 inline
CACHE-GUEST-VERSION 0 NONCE 0ea20a7509d043bd88308815bf5c0950
[wa] t=6540 loadend reqs=1 dials=1 reuses=0 cache ents=1 0K hits=0 rvs=0
[browser] load done: 1 requests, 1 connections dialled, 0 reused, 0 modules loaded (0 failed)
[browser] pool: 0 hits, 0 evicted, 0 closed
[browser] resources: 0 from tab, 0 from network (tab 0 of 1)
[load-complete] elapsed_ms=970
[load-perf] total_ms=970 teardown=10 document=120 first_style_layout_paint=110 styles_fetch=0 full_style_layout_paint=20 images=0 runtime_init=650 scripts_fetch=0 scripts_execute=10 lifecycle_settle=50
[browser] ctrl+L: address bar focused
[kbench] --- kernel entry cost, boot through desktop live (4 cores, TCG) ---
[kbench] entry syscall: 74056 entries, mean 138919.169 ns each, 10287 ms total
[kbench] entry timer: 8221 entries, mean 1852041.965 ns each, 15225 ms total
[kbench] entry fault: 1343 entries, mean 563781.087 ns each, 757 ms total
[kbench] entry irq: 165 entries, mean 617012.121 ns each, 101 ms total
[kbench] tty console wait: 1729 wakes, 419759 us awake in total (242.775 us each), 7982 ms uptime -- 52/1000 of ONE core
[kbench] scheduler: 692 context switches, 2 threads parked now, 77 poll passes through bkl_hlt_wait
[kbench]   poll 0x106b9c: 77 pass(es)
[kbench] tlb: 0 shootdown(s) never acked
[kbench] BKL holders: 603 samples, held in 417 (69%), 0 lost to collision
[kbench]   bkl 0x117afe: 236 samples (56% of held)
[kbench]   bkl 0x136a1e: 146 samples (35% of held)
[kbench]   bkl 0x11afe7: 22 samples (5% of held)
[kbench]   bkl 0x11c1b3: 6 samples (1% of held)
[kbench]   bkl 0x14f449: 5 samples (1% of held)
[kbench]   bkl 0x13677e: 2 samples (0% of held)
[kbench] syscalls: 73863 calls, 438 ms inside the dispatcher (BKL already held; blocking calls include time descheduled)
[kbench]   SYS 75: 36494 calls (49%), mean 65.380 ns in handler, 2 ms total
[kbench]   SYS 8: 12289 calls (16%), mean 383.106 ns in handler, 4 ms total
[kbench]   SYS 77: 12096 calls (16%), mean 153.521 ns in handler, 1 ms total
[kbench]   SYS 12: 12094 calls (16%), mean 342.979 ns in handler, 4 ms total
[kbench]   SYS 1: 320 calls (0%), mean 34453.125 ns in handler, 11 ms total
[kbench]   SYS 72: 116 calls (0%), mean 3120603.448 ns in handler, 361 ms total
[kbench]   SYS 5: 91 calls (0%), mean 10230.769 ns in handler, 0 ms total
[kbench]   SYS 38: 90 calls (0%), mean 53377.777 ns in handler, 4 ms total
[kbench]   SYS 6: 66 calls (0%), mean 63166.666 ns in handler, 4 ms total
[kbench]   SYS 37: 65 calls (0%), mean 6461.538 ns in handler, 0 ms total
[kbench]   SYS 20: 43 calls (0%), mean 21953.488 ns in handler, 0 ms total
[kbench]   SYS 71: 19 calls (0%), mean 36421.052 ns in handler, 0 ms total
[kbench]   SYS 41: 18 calls (0%), mean 5222.222 ns in handler, 0 ms total
[kbench]   SYS 4: 8 calls (0%), mean 267375.000 ns in handler, 2 ms total
[kbench]   SYS 7: 8 calls (0%), mean 26625.000 ns in handler, 0 ms total
[kbench]   SYS 11: 5 calls (0%), mean 930800.000 ns in handler, 4 ms total
[kbench] BKL: 90241 acquisitions, 10113 contended (11%); wait mean 67567.037 ns, hold mean 32227.202 ns
[kbench] BKL: 6097 ms spent waiting, 2908 ms spent holding, across 4 cores
[mm] kbench: 262109 frames total (1023 MiB), 241666 free, 20443 used, 617 shared, 21060 refs (+617 saved = 2468 KiB), 0 pinned, 0 bugs
[mm] kbench: metadata 831 KiB (bitmap + poison map + 2-byte refcounts + pins), poison level 1
[mm] kbench: 0 frames pinned against reclaim, 128 reserve frames (0 dips), 0 allocations refused
[kheap] kbench: arena 20480 KiB, live 13106 KiB (180 blocks), free 7371 KiB, over-allocated 1 KiB of 20784 KiB served, 262 allocs, 82 frees, 4 grows, 252 splits, 66 merges
[mm] kbench: cow=on, 0 pages shared copy-on-write; faults: 0 copied, 0 reused, 1764 anon, 0 declined; 3 address spaces with areas
[mm] kbench: fault cost (kcycles total / cycles each): cow-copy 0/0, cow-reuse 0/0, anon 6595/3738, swap-in 0/0
[mm] kbench: file faults 618 (500253 kcycles total / 809470 each); HIT 140 (2821 cyc each), MISS 478 (1045 kcyc each, 99% of the time)
[mm] kbench: shm faults 0 (0 kcycles total / 0 each)
[pcache] kbench: 662 pages resident (peak 662 of 131054 slots), 4 files; 140 hits, 478 misses, 0 shared
[pcache] kbench: 0 dropped by reclaim, 0 evicted here, 0 invalidated by a write, 0 whole-file reads bypassed
[pcache] kbench: pool 662/131054 slots used at peak (0%); 0 entries orphaned (pool full of mapped pages), 0 pages handed back UNCACHED AND LEAKED
[pcache] kbench: readahead 51 batches, 184 pages ahead, 51 backend reads (4 pages/read), 0 short; K 4..32
[pcache] kbench: backend 478 calls for 662 pages, 493 Mcyc total (1032 kcyc/call, 745 kcyc/page, worst 1396 kcyc)
[shm] kbench: 0 segments, 0 pages (0 KiB unreclaimable), 0 bugs
[reclaim] kbench: on, 0 passes, 0 frames scanned, 0 evicted (0 dropped free [0 zero + 0 cache] + 0 swapped), 0 second chances
[reclaim] kbench: skipped 0 unmapped / 0 pinned / 0 partially-known / 0 too-shared / 0 running elsewhere; failed 0 no-slot / 0 io; 0 bugs
[reclaim] kbench: page-cache frames met 0, dropped 0, UNACCOUNTED-FOR REFERENCE 0, too-shared 0
[reclaim] kbench: 0 swap-ins (0 failed); 0 kcycles scanning (0 per frame evicted)
[rmap] kbench: 5803/393163 nodes used (peak 5803), 0 overflows, 0 frames incomplete, 0 bugs
[swap] kbench: OFF (no device)
KBENCH_DONE
[time] tickloss +7/s worstgap=86325us missed=40 of 800 expected (5.000% of the clock); uptime 8s
[time] fallback pit ran 499ms (want ~500), switch back rc=0 continuity=3999ns monotonic
[wm] perf t=8648 composites=148 ns=1791779518 max=44996857 motions=18 curmoves=11 curns=1006883 full=12 rects=148 cpx=56291192 fpx=56291192 presns=95108128 torn=0 defer=7 late=0 drawmax=27 evdrop=0
[time] tickloss +6/s worstgap=86325us missed=46 of 900 expected (5.111% of the clock); uptime 9s
[wm] perf t=9649 composites=176 ns=2130008874 max=44996857 motions=18 curmoves=11 curns=1006883 full=12 rects=176 cpx=67746292 fpx=67746292 presns=116228715 torn=0 defer=7 late=0 drawmax=27 evdrop=0
[browser] load: http://10.0.2.2:65320/target
[wa] t=9230 (+3480) nav
[wa] t=9230 (+0) docdone status=200 len=327
[layout-perf] svg_decodes=0 svg_ms=0 trials=0 items=23
[style-perf] phase=first bytes=0 cascade_ms=0 extra_ms=0 layout_ms=0 items=23 pseudo_compose=0 pseudo_skip=0
[css-import] 0 loaded, 0 failed, 0 cycles, 0 limited, 0 unsupported; 0 requests, 0 bytes
[layout-perf] svg_decodes=0 svg_ms=0 trials=0 items=23
[style-perf] phase=full bytes=0 cascade_ms=0 extra_ms=0 layout_ms=0 items=23 pseudo_compose=0 pseudo_skip=0
[browser] heap peak 7980K
[css] linked: 0 <style>, 0 <link rel=stylesheet> (0 not fetched)
[css] fetched: 0 ok, 0 empty, 0 http-error, 0 transport-error
[css] bytes: 0 inline + 0 external = 0 to the parser  (nothing truncated)
[css] parsed: 0 sheet(s) accepted, 0 refused; 0 declarations kept
[css] dropped: 0  (0 selector, 0 at-rule, 0 unknown-prop, 0 bad-value, 0 trailing)
[css] no rule or declaration was discarded
[time] tickloss +12/s worstgap=86325us missed=58 of 1000 expected (5.800% of the clock); uptime 10s
[time] smp-mono cores=4 seen=b reads=400000 observed-backsteps=0 clamped=4 max=33996ns
[js-install] stage=previous-close ms=0
[js-install] stage=JS_NewRuntime ms=0
[js-install] stage=JS_NewContext ms=0
[js-install] stage=page_runtime_open ms=0
[js-install] stage=js_dom_init ms=30
[js-install] stage=js_domparser_install ms=10
[js-install] stage=window-event-target ms=0
[js-install] stage=js_webapi_install ms=40
[js-install] stage=js_select_install ms=30
[js-install] stage=js_intl_install ms=0
[js-install] stage=js_media_install ms=10
[js-install] stage=js_platform_install ms=50
[js-install] stage=js_subtle_install ms=20
[js-install] stage=js_events_install ms=20
[js-install] stage=js_idb_install ms=20
[js-install] stage=js_cache_install ms=0
[js-install] stage=js_swreg_install ms=10
[js-install] stage=js_cssom_install ms=20
[js-install] stage=js_forms_install ms=20
[js-install] stage=js_url_install ms=0
[js-install] stage=js_websocket_install ms=10
[js-install] stage=js_worker_install ms=0
[js-install] stage=js_wasm_install ms=10
[js-install] stage=js_semantics_install ms=30
[js-install] stage=js_canvas_install ms=0
[js-install] stage=js_anim_install ms=20
[js-install] total_ms=350 stages_ms=350 other_ms=0 clock=guest-ms
[browser] scripts collected: 0 external classic, 0 external module, 1 inline
CACHE-GUEST-VERSION 0 NONCE 0ea20a7509d043bd88308815bf5c0950
[wa] t=9630 loadend reqs=1 dials=0 reuses=0 cache ents=1 0K hits=1 rvs=0
[browser] load done: 1 requests, 0 connections dialled, 0 reused, 0 modules loaded (0 failed)
[browser] pool: 0 hits, 0 evicted, 1 closed
[browser] resources: 0 from tab, 0 from network (tab 0 of 1)
[load-complete] elapsed_ms=450
[load-perf] total_ms=450 teardown=30 document=0 first_style_layout_paint=20 styles_fetch=0 full_style_layout_paint=20 images=0 runtime_init=350 scripts_fetch=0 scripts_execute=10 lifecycle_settle=20
[wm] perf t=10655 composites=188 ns=2282439453 max=44996857 motions=18 curmoves=11 curns=1006883 full=12 rects=188 cpx=72929812 fpx=72929812 presns=125648639 torn=0 defer=9 late=0 drawmax=27 evdrop=0
[browser] ctrl+L: address bar focused
[wm] perf t=12655 composites=236 ns=2930141419 max=44996857 motions=18 curmoves=11 curns=1006883 full=12 rects=236 cpx=93137732 fpx=93137732 presns=164327215 torn=0 defer=9 late=0 drawmax=27 evdrop=0
[netlock] acq 14025 recursive 19 maxdepth 2 violations 0
[wm] perf t=13664 composites=265 ns=3288623444 max=44996857 motions=18 curmoves=11 curns=1006883 full=12 rects=265 cpx=105432192 fpx=105432192 presns=186521677 torn=0 defer=9 late=0 drawmax=27 evdrop=0
[browser] load: http://10.0.2.2:65320/control?auto=1
[wa] t=13220 (+3990) nav
[sock] connected 10.0.2.2 via ipv4 ::ffff:10.0.2.2
[wa] t=13240 (+20) idle reqs=1 dials=1 reuses=0
[wa] t=13240 (+0) docdone status=200 len=507
[layout-perf] svg_decodes=0 svg_ms=0 trials=0 items=15
[style-perf] phase=first bytes=0 cascade_ms=0 extra_ms=0 layout_ms=0 items=15 pseudo_compose=0 pseudo_skip=0
[dl] painted text: 9 run(s), 46 byte(s)
[dl] ---8<--- begin painted text
[dl] 8,82 HTTP
[dl] 100,82 cache
[dl] 195,82 mutation
[dl] 14,140 POST
[dl] 56,140 target
[dl] 8,172 Ready
[dl] 8,200 Return
[dl] 59,200 to
[dl] 77,200 target
[dl] ---8<--- end painted text
[css-import] 0 loaded, 0 failed, 0 cycles, 0 limited, 0 unsupported; 0 requests, 0 bytes
[layout-perf] svg_decodes=0 svg_ms=0 trials=0 items=15
[style-perf] phase=full bytes=0 cascade_ms=0 extra_ms=0 layout_ms=0 items=15 pseudo_compose=0 pseudo_skip=0
[browser] heap peak 7980K
[css] linked: 0 <style>, 0 <link rel=stylesheet> (0 not fetched)
[css] fetched: 0 ok, 0 empty, 0 http-error, 0 transport-error
[css] bytes: 0 inline + 0 external = 0 to the parser  (nothing truncated)
[css] parsed: 0 sheet(s) accepted, 0 refused; 0 declarations kept
[css] dropped: 0  (0 selector, 0 at-rule, 0 unknown-prop, 0 bad-value, 0 trailing)
[css] no rule or declaration was discarded
[js-install] stage=previous-close ms=0
[js-install] stage=JS_NewRuntime ms=0
[js-install] stage=JS_NewContext ms=0
[js-install] stage=page_runtime_open ms=0
[js-install] stage=js_dom_init ms=30
[js-install] stage=js_domparser_install ms=0
[js-install] stage=window-event-target ms=0
[js-install] stage=js_webapi_install ms=50
[js-install] stage=js_select_install ms=20
[js-install] stage=js_intl_install ms=10
[js-install] stage=js_media_install ms=0
[js-install] stage=js_platform_install ms=50
[js-install] stage=js_subtle_install ms=20
[js-install] stage=js_events_install ms=20
[js-install] stage=js_idb_install ms=20
[js-install] stage=js_cache_install ms=10
[js-install] stage=js_swreg_install ms=0
[js-install] stage=js_cssom_install ms=20
[js-install] stage=js_forms_install ms=30
[js-install] stage=js_url_install ms=0
[js-install] stage=js_websocket_install ms=0
[js-install] stage=js_worker_install ms=0
[js-install] stage=js_wasm_install ms=10
[js-install] stage=js_semantics_install ms=40
[js-install] stage=js_canvas_install ms=0
[js-install] stage=js_anim_install ms=10
[js-install] total_ms=340 stages_ms=340 other_ms=0 clock=guest-ms
[browser] scripts collected: 0 external classic, 0 external module, 1 inline
[wa] t=13660 loadend reqs=1 dials=1 reuses=0 cache ents=1 0K hits=1 rvs=0
[browser] load done: 1 requests, 1 connections dialled, 0 reused, 0 modules loaded (0 failed)
[browser] pool: 0 hits, 0 evicted, 1 closed
[browser] resources: 0 from tab, 0 from network (tab 0 of 1)
[sock] connected 10.0.2.2 via ipv4 ::ffff:10.0.2.2
[load-complete] elapsed_ms=500
[load-perf] total_ms=500 teardown=20 document=20 first_style_layout_paint=30 styles_fetch=0 full_style_layout_paint=20 images=0 runtime_init=350 scripts_fetch=0 scripts_execute=20 lifecycle_settle=40
CACHE-GUEST-POST 204 NONCE 0ea20a7509d043bd88308815bf5c0950
[layout-perf] svg_decodes=0 svg_ms=0 trials=0 items=19
[dl] painted text: 11 run(s), 54 byte(s)
[dl] ---8<--- begin painted text
[dl] 8,82 HTTP
[dl] 100,82 cache
[dl] 195,82 mutation
[dl] 14,140 POST
[dl] 56,140 target
[dl] 8,172 POST
[dl] 50,172 status
[dl] 97,172 204
[dl] 8,200 Return
[dl] 59,200 to
[dl] 77,200 target
[dl] ---8<--- end painted text
[wm] perf t=14665 composites=277 ns=3437621412 max=44996857 motions=18 curmoves=11 curns=1006883 full=12 rects=277 cpx=110615712 fpx=110615712 presns=195786618 torn=0 defer=11 late=0 drawmax=28 evdrop=0
[browser] ctrl+L: address bar focused
[wm] perf t=16685 composites=317 ns=4008845122 max=44996857 motions=18 curmoves=11 curns=1006883 full=12 rects=317 cpx=128059912 fpx=128059912 presns=229222793 torn=0 defer=13 late=0 drawmax=28 evdrop=0
[browser] load: http://10.0.2.2:65320/target
[wa] t=16720 (+3480) nav
[wa] t=16750 (+30) idle reqs=1 dials=1 reuses=0
[wa] t=16750 (+0) docdone status=200 len=327
[layout-perf] svg_decodes=0 svg_ms=0 trials=0 items=23
[style-perf] phase=first bytes=0 cascade_ms=0 extra_ms=0 layout_ms=0 items=23 pseudo_compose=0 pseudo_skip=0
[dl] painted text: 13 run(s), 88 byte(s)
[dl] ---8<--- begin painted text
[dl] 8,82 CACHE-GUEST-VERSION
[dl] 378,82 1
[dl] 8,136 Cacheable
[dl] 85,136 document.
[dl] 164,136 Revisit
[dl] 214,136 before
[dl] 262,136 and
[dl] 292,136 after
[dl] 329,136 a
[dl] 341,136 mutation.
[dl] 8,164 Open
[dl] 48,164 mutation
[dl] 117,164 control
[dl] ---8<--- end painted text
[css-import] 0 loaded, 0 failed, 0 cycles, 0 limited, 0 unsupported; 0 requests, 0 bytes
[layout-perf] svg_decodes=0 svg_ms=0 trials=0 items=23
[style-perf] phase=full bytes=0 cascade_ms=0 extra_ms=0 layout_ms=0 items=23 pseudo_compose=0 pseudo_skip=0
[browser] heap peak 7983K
[css] linked: 0 <style>, 0 <link rel=stylesheet> (0 not fetched)
[css] fetched: 0 ok, 0 empty, 0 http-error, 0 transport-error
[css] bytes: 0 inline + 0 external = 0 to the parser  (nothing truncated)
[css] parsed: 0 sheet(s) accepted, 0 refused; 0 declarations kept
[css] dropped: 0  (0 selector, 0 at-rule, 0 unknown-prop, 0 bad-value, 0 trailing)
[css] no rule or declaration was discarded
[wm] perf t=17693 composites=343 ns=4305714190 max=44996857 motions=18 curmoves=11 curns=1006883 full=12 rects=344 cpx=138601972 fpx=138601972 presns=247977648 torn=0 defer=15 late=0 drawmax=28 evdrop=0
[js-install] stage=previous-close ms=0
[js-install] stage=JS_NewRuntime ms=0
[js-install] stage=JS_NewContext ms=0
[js-install] stage=page_runtime_open ms=0
[js-install] stage=js_dom_init ms=30
[js-install] stage=js_domparser_install ms=0
[js-install] stage=window-event-target ms=0
[js-install] stage=js_webapi_install ms=50
[js-install] stage=js_select_install ms=20
[js-install] stage=js_intl_install ms=10
[js-install] stage=js_media_install ms=10
[js-install] stage=js_platform_install ms=50
[js-install] stage=js_subtle_install ms=10
[js-install] stage=js_events_install ms=20
[js-install] stage=js_idb_install ms=20
[js-install] stage=js_cache_install ms=10
[js-install] stage=js_swreg_install ms=0
[js-install] stage=js_cssom_install ms=20
[js-install] stage=js_forms_install ms=30
[js-install] stage=js_url_install ms=0
[js-install] stage=js_websocket_install ms=0
[js-install] stage=js_worker_install ms=10
[js-install] stage=js_wasm_install ms=10
[js-install] stage=js_semantics_install ms=30
[js-install] stage=js_canvas_install ms=0
[js-install] stage=js_anim_install ms=20
[js-install] total_ms=350 stages_ms=350 other_ms=0 clock=guest-ms
[browser] scripts collected: 0 external classic, 0 external module, 1 inline
CACHE-GUEST-VERSION 1 NONCE 0ea20a7509d043bd88308815bf5c0950
[wa] t=17140 loadend reqs=1 dials=1 reuses=0 cache ents=1 0K hits=1 rvs=0
[browser] load done: 1 requests, 1 connections dialled, 0 reused, 0 modules loaded (0 failed)
[browser] pool: 0 hits, 0 evicted, 3 closed
[browser] resources: 0 from tab, 0 from network (tab 0 of 1)
[load-complete] elapsed_ms=480
[load-perf] total_ms=480 teardown=10 document=30 first_style_layout_paint=20 styles_fetch=0 full_style_layout_paint=20 images=0 runtime_init=350 scripts_fetch=0 scripts_execute=0 lifecycle_settle=50
