EC_NEGCTL: missing IBF visibility delay caused observable early writes
EC_TRANSPORT: 51 checks, 0 failures
EC_ORDER_NEGCTL: late EC handler left the real AML _INI write unexecuted
starting uACPI, version 6.1.0
RSDP 0x0000000000000100 00000014 v00 (LOGIT )
RSDT 0x0000000000000200 00000028 v06 (LOGIT  POWERAML)
DSDT 0x0000000000000800 000001B0 v06 (LOGIT  POWERAML)
FACP 0x0000000000000400 00000114 v06 (LOGIT  POWERAML)
FACS 0x0000000000000F00 00000040
successfully loaded 1 AML blob, 41 ops in 0ms (avg 41000000000/s)
namespace initialization done in 0ms: 2 devices, 1 thermal zones
EC_AML success: 32 checks, 0 failures
starting uACPI, version 6.1.0
RSDP 0x0000000000000100 00000014 v00 (LOGIT )
RSDT 0x0000000000000200 0000002C v06 (LOGIT  POWERAML)
DSDT 0x0000000000000800 000001B0 v06 (LOGIT  POWERAML)
FACP 0x0000000000000400 00000114 v06 (LOGIT  POWERAML)
ECDT 0x0000000000000600 0000004C v06 (LOGIT  POWERAML)
FACS 0x0000000000000F00 00000040
successfully loaded 1 AML blob, 41 ops in 0ms (avg 41000000000/s)
namespace initialization done in 0ms: 2 devices, 1 thermal zones
EC_AML ecdt: 32 checks, 0 failures
starting uACPI, version 6.1.0
RSDP 0x0000000000000100 00000014 v00 (LOGIT )
RSDT 0x0000000000000200 00000028 v06 (LOGIT  POWERAML)
DSDT 0x0000000000000800 000001B0 v06 (LOGIT  POWERAML)
FACP 0x0000000000000400 00000114 v06 (LOGIT  POWERAML)
FACS 0x0000000000000F00 00000040
successfully loaded 1 AML blob, 41 ops in 0ms (avg 41000000000/s)
namespace initialization done in 0ms: 2 devices, 1 thermal zones
EC_AML pending-query: 15 checks, 0 failures
starting uACPI, version 6.1.0
RSDP 0x0000000000000100 00000014 v00 (LOGIT )
RSDT 0x0000000000000200 00000028 v06 (LOGIT  POWERAML)
DSDT 0x0000000000000800 000001B0 v06 (LOGIT  POWERAML)
FACP 0x0000000000000400 00000114 v06 (LOGIT  POWERAML)
FACS 0x0000000000000F00 00000040
successfully loaded 1 AML blob, 41 ops in 0ms (avg 41000000000/s)
EC binding rejected; inspect power EC status
unable to attach (EmbeddedControl) operation region \_SB_.EC00.ECG0: no handler found
aborting method invocation due to previous error: no handler found
    #0 in \_SB_.EC00._INI()+9/9 at StoreOp
namespace initialization done in 0ms: 2 devices, 1 thermal zones
unable to attach (EmbeddedControl) operation region \_SB_.EC00.ECG0: no handler found
aborting method invocation due to previous error: no handler found
    #0 in \_SB_.EC00.BAT0._BST()+22/32 at ReadFieldAsInteger
unable to attach (EmbeddedControl) operation region \_SB_.EC00.ECG0: no handler found
aborting method invocation due to previous error: no handler found
    #0 in \_SB_.EC00.THRM._TMP()+5/5 at ReadFieldAsInteger
EC_AML shared: 9 checks, 0 failures
starting uACPI, version 6.1.0
RSDP 0x0000000000000100 00000014 v00 (LOGIT )
RSDT 0x0000000000000200 00000028 v06 (LOGIT  POWERAML)
DSDT 0x0000000000000800 000001B0 v06 (LOGIT  POWERAML)
FACP 0x0000000000000400 00000114 v06 (LOGIT  POWERAML)
FACS 0x0000000000000F00 00000040
successfully loaded 1 AML blob, 41 ops in 0ms (avg 41000000000/s)
EC binding rejected; inspect power EC status
unable to attach (EmbeddedControl) operation region \_SB_.EC00.ECG0: no handler found
aborting method invocation due to previous error: no handler found
    #0 in \_SB_.EC00._INI()+9/9 at StoreOp
namespace initialization done in 0ms: 2 devices, 1 thermal zones
unable to attach (EmbeddedControl) operation region \_SB_.EC00.ECG0: no handler found
aborting method invocation due to previous error: no handler found
    #0 in \_SB_.EC00.BAT0._BST()+22/32 at ReadFieldAsInteger
unable to attach (EmbeddedControl) operation region \_SB_.EC00.ECG0: no handler found
aborting method invocation due to previous error: no handler found
    #0 in \_SB_.EC00.THRM._TMP()+5/5 at ReadFieldAsInteger
EC_AML decode10: 9 checks, 0 failures
starting uACPI, version 6.1.0
RSDP 0x0000000000000100 00000014 v00 (LOGIT )
RSDT 0x0000000000000200 00000028 v06 (LOGIT  POWERAML)
DSDT 0x0000000000000800 000001A8 v06 (LOGIT  POWERAML)
FACP 0x0000000000000400 00000114 v06 (LOGIT  POWERAML)
FACS 0x0000000000000F00 00000040
successfully loaded 1 AML blob, 41 ops in 0ms (avg 41000000000/s)
EC binding rejected; inspect power EC status
unable to attach (EmbeddedControl) operation region \_SB_.EC00.ECG0: no handler found
aborting method invocation due to previous error: no handler found
    #0 in \_SB_.EC00._INI()+9/9 at StoreOp
namespace initialization done in 0ms: 2 devices, 1 thermal zones
unable to attach (EmbeddedControl) operation region \_SB_.EC00.ECG0: no handler found
aborting method invocation due to previous error: no handler found
    #0 in \_SB_.EC00.BAT0._BST()+22/32 at ReadFieldAsInteger
unable to attach (EmbeddedControl) operation region \_SB_.EC00.ECG0: no handler found
aborting method invocation due to previous error: no handler found
    #0 in \_SB_.EC00.THRM._TMP()+5/5 at ReadFieldAsInteger
EC_AML fixed-io: 9 checks, 0 failures
starting uACPI, version 6.1.0
RSDP 0x0000000000000100 00000014 v00 (LOGIT )
RSDT 0x0000000000000200 00000028 v06 (LOGIT  POWERAML)
DSDT 0x0000000000000800 000001B0 v06 (LOGIT  POWERAML)
FACP 0x0000000000000400 00000114 v06 (LOGIT  POWERAML)
FACS 0x0000000000000F00 00000040
successfully loaded 1 AML blob, 41 ops in 0ms (avg 41000000000/s)
EC binding rejected; inspect power EC status
unable to attach (EmbeddedControl) operation region \_SB_.EC00.ECG0: no handler found
aborting method invocation due to previous error: no handler found
    #0 in \_SB_.EC00._INI()+9/9 at StoreOp
namespace initialization done in 0ms: 2 devices, 1 thermal zones
unable to attach (EmbeddedControl) operation region \_SB_.EC00.ECG0: no handler found
aborting method invocation due to previous error: no handler found
    #0 in \_SB_.EC00.BAT0._BST()+22/32 at ReadFieldAsInteger
unable to attach (EmbeddedControl) operation region \_SB_.EC00.ECG0: no handler found
aborting method invocation due to previous error: no handler found
    #0 in \_SB_.EC00.THRM._TMP()+5/5 at ReadFieldAsInteger
EC_AML overlap: 9 checks, 0 failures
starting uACPI, version 6.1.0
RSDP 0x0000000000000100 00000014 v00 (LOGIT )
RSDT 0x0000000000000200 00000028 v06 (LOGIT  POWERAML)
DSDT 0x0000000000000800 000001B4 v06 (LOGIT  POWERAML)
FACP 0x0000000000000400 00000114 v06 (LOGIT  POWERAML)
FACS 0x0000000000000F00 00000040
successfully loaded 1 AML blob, 43 ops in 0ms (avg 43000000000/s)
unexpected 'Package' object returned by method \_SB_.EC00._GPE, expected type mask: 00000002
EC binding rejected; inspect power EC status
unable to attach (EmbeddedControl) operation region \_SB_.EC00.ECG0: no handler found
aborting method invocation due to previous error: no handler found
    #0 in \_SB_.EC00._INI()+9/9 at StoreOp
namespace initialization done in 0ms: 2 devices, 1 thermal zones
unable to attach (EmbeddedControl) operation region \_SB_.EC00.ECG0: no handler found
aborting method invocation due to previous error: no handler found
    #0 in \_SB_.EC00.BAT0._BST()+22/32 at ReadFieldAsInteger
unable to attach (EmbeddedControl) operation region \_SB_.EC00.ECG0: no handler found
aborting method invocation due to previous error: no handler found
    #0 in \_SB_.EC00.THRM._TMP()+5/5 at ReadFieldAsInteger
EC_AML gpe-package: 9 checks, 0 failures
starting uACPI, version 6.1.0
RSDP 0x0000000000000100 00000014 v00 (LOGIT )
RSDT 0x0000000000000200 00000028 v06 (LOGIT  POWERAML)
DSDT 0x0000000000000800 000001C0 v06 (LOGIT  POWERAML)
FACP 0x0000000000000400 00000114 v06 (LOGIT  POWERAML)
FACS 0x0000000000000F00 00000040
successfully loaded 1 AML blob, 43 ops in 0ms (avg 43000000000/s)
EC binding rejected; inspect power EC status
unable to attach (EmbeddedControl) operation region \_SB_.EC00.ECG0: no handler found
aborting method invocation due to previous error: no handler found
    #0 in \_SB_.EC00._INI()+9/9 at StoreOp
namespace initialization done in 0ms: 2 devices, 1 thermal zones
unable to attach (EmbeddedControl) operation region \_SB_.EC00.ECG0: no handler found
aborting method invocation due to previous error: no handler found
    #0 in \_SB_.EC00.BAT0._BST()+22/32 at ReadFieldAsInteger
unable to attach (EmbeddedControl) operation region \_SB_.EC00.ECG0: no handler found
aborting method invocation due to previous error: no handler found
    #0 in \_SB_.EC00.THRM._TMP()+5/5 at ReadFieldAsInteger
EC_AML gpe-owned: 9 checks, 0 failures
starting uACPI, version 6.1.0
RSDP 0x0000000000000100 00000014 v00 (LOGIT )
RSDT 0x0000000000000200 0000002C v06 (LOGIT  POWERAML)
DSDT 0x0000000000000800 000001B0 v06 (LOGIT  POWERAML)
FACP 0x0000000000000400 00000114 v06 (LOGIT  POWERAML)
ECDT 0x0000000000000600 0000004C v06 (LOGIT  POWERAML)
FACS 0x0000000000000F00 00000040
successfully loaded 1 AML blob, 41 ops in 0ms (avg 41000000000/s)
EC binding rejected; inspect power EC status
unable to attach (EmbeddedControl) operation region \_SB_.EC00.ECG0: no handler found
aborting method invocation due to previous error: no handler found
    #0 in \_SB_.EC00._INI()+9/9 at StoreOp
namespace initialization done in 0ms: 2 devices, 1 thermal zones
unable to attach (EmbeddedControl) operation region \_SB_.EC00.ECG0: no handler found
aborting method invocation due to previous error: no handler found
    #0 in \_SB_.EC00.BAT0._BST()+22/32 at ReadFieldAsInteger
unable to attach (EmbeddedControl) operation region \_SB_.EC00.ECG0: no handler found
aborting method invocation due to previous error: no handler found
    #0 in \_SB_.EC00.THRM._TMP()+5/5 at ReadFieldAsInteger
EC_AML ecdt-mismatch: 9 checks, 0 failures
starting uACPI, version 6.1.0
RSDP 0x0000000000000100 00000014 v00 (LOGIT )
RSDT 0x0000000000000200 0000002C v06 (LOGIT  POWERAML)
DSDT 0x0000000000000800 000001B0 v06 (LOGIT  POWERAML)
FACP 0x0000000000000400 00000114 v06 (LOGIT  POWERAML)
ECDT 0x0000000000000600 0000004C v06 (LOGIT  POWERAML)
FACS 0x0000000000000F00 00000040
successfully loaded 1 AML blob, 41 ops in 0ms (avg 41000000000/s)
EC binding rejected; inspect power EC status
unable to attach (EmbeddedControl) operation region \_SB_.EC00.ECG0: no handler found
aborting method invocation due to previous error: no handler found
    #0 in \_SB_.EC00._INI()+9/9 at StoreOp
namespace initialization done in 0ms: 2 devices, 1 thermal zones
unable to attach (EmbeddedControl) operation region \_SB_.EC00.ECG0: no handler found
aborting method invocation due to previous error: no handler found
    #0 in \_SB_.EC00.BAT0._BST()+22/32 at ReadFieldAsInteger
unable to attach (EmbeddedControl) operation region \_SB_.EC00.ECG0: no handler found
aborting method invocation due to previous error: no handler found
    #0 in \_SB_.EC00.THRM._TMP()+5/5 at ReadFieldAsInteger
EC_AML ecdt-unterminated: 9 checks, 0 failures
starting uACPI, version 6.1.0
RSDP 0x0000000000000100 00000014 v00 (LOGIT )
RSDT 0x0000000000000200 00000028 v06 (LOGIT  POWERAML)
DSDT 0x0000000000000800 000001B0 v06 (LOGIT  POWERAML)
FACP 0x0000000000000400 00000114 v06 (LOGIT  POWERAML)
FACS 0x0000000000000F00 00000040
successfully loaded 1 AML blob, 41 ops in 0ms (avg 41000000000/s)
namespace initialization done in 0ms: 2 devices, 1 thermal zones
unable to perform IO (EmbeddedControl) operation region \_SB_.EC00.ECG0: timed out waiting for hardware response
aborting method invocation due to previous error: timed out waiting for hardware response
    #0 in \_SB_.EC00.BAT0._BST()+22/32 at ReadFieldAsInteger
unable to perform IO (EmbeddedControl) operation region \_SB_.EC00.ECG0: the requested action has been denied
aborting method invocation due to previous error: the requested action has been denied
    #0 in \_SB_.EC00.THRM._TMP()+5/5 at ReadFieldAsInteger
unable to perform IO (EmbeddedControl) operation region \_SB_.EC00.ECG0: the requested action has been denied
aborting method invocation due to previous error: the requested action has been denied
    #0 in \_SB_.EC00.BAT0._BST()+22/32 at ReadFieldAsInteger
unable to perform IO (EmbeddedControl) operation region \_SB_.EC00.ECG0: the requested action has been denied
aborting method invocation due to previous error: the requested action has been denied
    #0 in \_SB_.EC00.THRM._TMP()+5/5 at ReadFieldAsInteger
EC_AML timeout: 14 checks, 0 failures
POWER_AML_NEGCTL: wrong Kelvin conversion caused 3 real AML consumer failures
starting uACPI, version 6.1.0
RSDP 0x0000000000000100 00000014 v00 (LOGIT )
RSDT 0x0000000000000200 00000028 v06 (LOGIT  POWERAML)
DSDT 0x0000000000000800 0000010F v06 (LOGIT  POWERAML)
FACP 0x0000000000000400 00000114 v06 (LOGIT  POWERAML)
successfully loaded 1 AML blob, 21 ops in 0ms (avg 132911/s)
namespace initialization done in 0ms: 2 devices, 1 thermal zones
POWER_AML success: 25 checks, 0 failures
starting uACPI, version 6.1.0
RSDP 0x0000000000000100 00000014 v00 (LOGIT )
RSDT 0x0000000000000200 00000028 v06 (LOGIT  POWERAML)
DSDT 0x0000000000000800 0000010F v06 (LOGIT  POWERAML)
FACP 0x0000000000000400 00000114 v06 (LOGIT  POWERAML)
successfully loaded 1 AML blob, 21 ops in 0ms (avg 344262/s)
namespace initialization done in 0ms: 2 devices, 1 thermal zones
POWER_AML empty: 18 checks, 0 failures
starting uACPI, version 6.1.0
RSDP 0x0000000000000100 00000014 v00 (LOGIT )
RSDT 0x0000000000000200 00000028 v06 (LOGIT  POWERAML)
DSDT 0x0000000000000800 0000010F v06 (LOGIT  POWERAML)
FACP 0x0000000000000400 00000114 v06 (LOGIT  POWERAML)
successfully loaded 1 AML blob, 21 ops in 0ms (avg 350000/s)
namespace initialization done in 0ms: 2 devices, 1 thermal zones
POWER_AML unknown: 25 checks, 0 failures
starting uACPI, version 6.1.0
RSDP 0x0000000000000100 00000014 v00 (LOGIT )
RSDT 0x0000000000000200 00000028 v06 (LOGIT  POWERAML)
DSDT 0x0000000000000800 00000113 v06 (LOGIT  POWERAML)
FACP 0x0000000000000400 00000114 v06 (LOGIT  POWERAML)
successfully loaded 1 AML blob, 21 ops in 0ms (avg 350000/s)
namespace initialization done in 0ms: 2 devices, 1 thermal zones
POWER_AML bad-battery: 23 checks, 0 failures
starting uACPI, version 6.1.0
RSDP 0x0000000000000100 00000014 v00 (LOGIT )
RSDT 0x0000000000000200 00000028 v06 (LOGIT  POWERAML)
DSDT 0x0000000000000800 000000F4 v06 (LOGIT  POWERAML)
FACP 0x0000000000000400 00000114 v06 (LOGIT  POWERAML)
successfully loaded 1 AML blob, 20 ops in 0ms (avg 327868/s)
namespace initialization done in 0ms: 2 devices, 1 thermal zones
POWER_AML missing-battery-method: 23 checks, 0 failures
starting uACPI, version 6.1.0
RSDP 0x0000000000000100 00000014 v00 (LOGIT )
RSDT 0x0000000000000200 00000028 v06 (LOGIT  POWERAML)
DSDT 0x0000000000000800 00000104 v06 (LOGIT  POWERAML)
FACP 0x0000000000000400 00000114 v06 (LOGIT  POWERAML)
successfully loaded 1 AML blob, 21 ops in 0ms (avg 291666/s)
namespace initialization done in 0ms: 2 devices, 1 thermal zones
POWER_AML bad-temperature: 22 checks, 0 failures
starting uACPI, version 6.1.0
RSDP 0x0000000000000100 00000014 v00 (LOGIT )
RSDT 0x0000000000000200 00000028 v06 (LOGIT  POWERAML)
DSDT 0x0000000000000800 00000103 v06 (LOGIT  POWERAML)
FACP 0x0000000000000400 00000114 v06 (LOGIT  POWERAML)
successfully loaded 1 AML blob, 19 ops in 0ms (avg 380000/s)
namespace initialization done in 0ms: 2 devices, 1 thermal zones
unexpected 'Integer' object returned by method \._S5, expected type mask: 00000010
error while evaluating _S5: object type mismatch
POWER_AML bad-sleep: 25 checks, 0 failures
starting uACPI, version 6.1.0
RSDP 0x0000000000000100 00000014 v00 (LOGIT )
RSDT 0x0000000000000200 00000028 v06 (LOGIT  POWERAML)
DSDT 0x0000000000000800 0000010F v06 (LOGIT  POWERAML)
FACP 0x0000000000000400 00000114 v06 (LOGIT  POWERAML)
invalid table 'DSDT' (OEM ID 'LOGIT ' OEM Table ID 'POWERAML') checksum 1!
unable to find DSDT: not found
POWER_AML bad-checksum: 1 checks, 0 failures
