bootstrap-scan: startup wrappers=3718 unrelated_elements=2400
FAIL bootstrap-scan: unrelated tree was wrapped during startup (3718)
ok: initial named-details exclusivity preserves first open in document order
ok: parser iframe srcdoc initialized through actual platform hook
ok: dynamic named-details behavior remains live
bootstrap-scan: 4 checks, 1 failures
bootstrap-scan: startup wrappers=112 unrelated_elements=2400
ok: initial named-details exclusivity preserves first open in document order
ok: parser iframe srcdoc initialized through actual platform hook
ok: dynamic named-details behavior remains live
bootstrap-scan: 4 checks, 0 failures
clang -O2 -w -Ic/apps/browser -Ic/lib/image -Ic/net/http -Ic/lib/text -Ic/lib/gfx -Iinclude/abi -Ithird_party/css/libwapcaplet/include -Ithird_party/css/libparserutils/include -Ithird_party/css/libcss/include -Ithird_party/css/libcss/src -Ithird_party/css/libparserutils/src -Iinclude -Ithird_party/libm -Ithird_party/quickjs     -DCONFIG_VERSION='"host"' -DWEBAPI_HOST -DDOMPARSER_NO_REMOVE -o build/domparser_remove_negctl tests/unit/domparser_test.c c/apps/browser/js_domparser.c c/apps/browser/js_dom.c c/apps/browser/js_page.c c/apps/browser/css_engine.c c/apps/browser/css_vars.c c/apps/browser/dom.c c/apps/browser/html_tree.c c/apps/browser/html_tokenizer.c c/apps/browser/dom_serialize.c third_party/quickjs/quickjs.c third_party/quickjs/cutils.c third_party/quickjs/libregexp.c third_party/quickjs/libunicode.c third_party/quickjs/libbf.c build/libcss_host.a -lm
ok: new DOMParser()
ok: parseFromString exists
ok: parseFromString(text/html) does not throw
ok: documentElement is <html>, uppercased tagName
ok: document.body resolves
ok: getElementById finds a parsed id
ok: Element.id readback
ok: textContent read (leaf span)
ok: textContent read (concatenated subtree)
ok: querySelector('#id')
ok: querySelector('.class') (word match, not prefix)
ok: querySelectorAll('.class') over multiple matches
ok: querySelectorAll('div > span') child combinator
ok: querySelectorAll('body span') descendant combinator
ok: querySelectorAll('p.x') compound selector
ok: querySelector on a missing id returns null, not throw
ok: parentNode navigation
ok: firstElementChild navigation
ok: nextElementSibling navigation
ok: children snapshot length
ok: getAttribute
ok: hasAttribute
ok: hasAttribute (absent)
  JS exception: TypeError: remove is not a function (it is undefined)
FAIL DOMParser remove cleans queried elements
  JS exception: TypeError: remove is not a function (it is undefined)
FAIL DOMParser remove detaches idempotently and preserves wrapper identity
  JS exception: TypeError: remove is not a function (it is undefined)
FAIL DOMParser remove handles Text and Comment
  JS exception: TypeError: remove is not a function (it is undefined)
FAIL DOMParser remove handles DocumentType but excludes Document
  JS exception: TypeError: remove is not a function (it is undefined)
FAIL DOMParser removed node retained after document wrapper dropped
  expr: kept.textContent
  want: Useful
  got:  UsefulAnchortail
FAIL DOMParser removed wrapper keeps its independent arena alive across GC
ok: textContent write
ok: textContent write readback
ok: hold a wrapper into <div id=a>'s child
ok: mutate the PARENT's textContent -- recycles <span> underneath the held wrapper
ok: STALE HANDLE CAUGHT: recycled node reads back as detached, not as live <span>
ok: STALE HANDLE CAUGHT: tagName off a recycled node is undefined, not 'SPAN'
ok: the mutation itself took effect correctly
[js_domparser] parseFromString: mimeType 'application/xml' is not text/html -- this engine has no XML parser, returning a <parsererror> document.
ok: application/xml never throws
ok: application/xml refuses loudly via a <parsererror> document
ok: page document parses
ok: js_page_open
ok: DOMParser is installed by js_page_open (js_page.c's ONE call)
ok: build a DOMParser document and root it in a global (outlives this statement)
ok: hold a second, deeper wrapper into the same arena
ok: the PAGE document does not see the parsed document's id
ok: the PAGE document still has its own content, untouched
ok: the parsed document does not see the page's id either -- truly separate dom_docs
ok: js_page_close() with live DOMParser wrappers in globalThis did not crash
ok: a second js_page_open after the first close succeeds
ok: DOMParser reinstalled cleanly on the second page
ok: DOMParser still works correctly after a prior close/open cycle
44/50 checks passed
test-domparser-remove-negctl: PASS -- real summary removal fails without the method
ok: new DOMParser()
ok: parseFromString exists
ok: parseFromString(text/html) does not throw
ok: documentElement is <html>, uppercased tagName
ok: document.body resolves
ok: getElementById finds a parsed id
ok: Element.id readback
ok: textContent read (leaf span)
ok: textContent read (concatenated subtree)
ok: querySelector('#id')
ok: querySelector('.class') (word match, not prefix)
ok: querySelectorAll('.class') over multiple matches
ok: querySelectorAll('div > span') child combinator
ok: querySelectorAll('body span') descendant combinator
ok: querySelectorAll('p.x') compound selector
ok: querySelector on a missing id returns null, not throw
ok: parentNode navigation
ok: firstElementChild navigation
ok: nextElementSibling navigation
ok: children snapshot length
ok: getAttribute
ok: hasAttribute
ok: hasAttribute (absent)
ok: DOMParser remove cleans queried elements
ok: DOMParser remove detaches idempotently and preserves wrapper identity
ok: DOMParser remove handles Text and Comment
ok: DOMParser remove handles DocumentType but excludes Document
ok: DOMParser removed node retained after document wrapper dropped
ok: DOMParser removed wrapper keeps its independent arena alive across GC
ok: textContent write
ok: textContent write readback
ok: hold a wrapper into <div id=a>'s child
ok: mutate the PARENT's textContent -- recycles <span> underneath the held wrapper
ok: STALE HANDLE CAUGHT: recycled node reads back as detached, not as live <span>
ok: STALE HANDLE CAUGHT: tagName off a recycled node is undefined, not 'SPAN'
ok: the mutation itself took effect correctly
[js_domparser] parseFromString: mimeType 'application/xml' is not text/html -- this engine has no XML parser, returning a <parsererror> document.
ok: application/xml never throws
ok: application/xml refuses loudly via a <parsererror> document
ok: page document parses
ok: js_page_open
ok: DOMParser is installed by js_page_open (js_page.c's ONE call)
ok: build a DOMParser document and root it in a global (outlives this statement)
ok: hold a second, deeper wrapper into the same arena
ok: the PAGE document does not see the parsed document's id
ok: the PAGE document still has its own content, untouched
ok: the parsed document does not see the page's id either -- truly separate dom_docs
ok: js_page_close() with live DOMParser wrappers in globalThis did not crash
ok: a second js_page_open after the first close succeeds
ok: DOMParser reinstalled cleanly on the second page
ok: DOMParser still works correctly after a prior close/open cycle
50/50 checks passed
test-frame-negctl: ok -- the control catches it:
FAIL: the specimen's script ran inside its OWN context: window/self are objects, document is undefined (no DOM in a frame context, by design)
FAIL: a <script> already present in the frame's PARSED MARKUP runs on adopt (the srcdoc/response-body shape, which no insertion sink can see)
FAIL: textContent set on a DETACHED script and then inserted runs at the insert (the shape real loaders use; textContent is not itself a door)
FAIL: the inserted script ran EXACTLY once, not again on the next mutation (counted, because presence cannot tell once from twice)
FAIL: 12 sequential adopt/release cycles all run despite the 8-live-frame cap
5 check(s) FAILED
test-frame-lifecycle-negctl: ok -- no release fills 8 slots and fails the 12/12 assertion
[frame] refused: too many live frames (8) -- this document's <script>s will not run
[frame] refused: too many live frames (8) -- this document's <script>s will not run
[frame] refused: too many live frames (8) -- this document's <script>s will not run
[frame] refused: too many live frames (8) -- this document's <script>s will not run
[frame] FRAME-RAN object object undefined
PASS: the specimen's script ran inside its OWN context: window/self are objects, document is undefined (no DOM in a frame context, by design)
[frame] refused: <script src="https://example.invalid/x.js"> -- external frame scripts are not fetched (see js_frame.c)
PASS: a <script src=...> must never execute (external frame scripts are not fetched)
PASS: the src refusal must be a NAMED line, not silence
PASS: a <script> in a document nobody ever __frameAdopt-ed must stay DATA, unchanged
[frame] FRAME-MARKUP-RAN
PASS: a <script> already present in the frame's PARSED MARKUP runs on adopt (the srcdoc/response-body shape, which no insertion sink can see)
[frame] FRAME-TEXTCONTENT-RAN
PASS: textContent set on a DETACHED script and then inserted runs at the insert (the shape real loaders use; textContent is not itself a door)
PASS: neither textContent= nor innerHTML= re-runs an already-handled <script>
PASS: the inserted script ran EXACTLY once, not again on the next mutation (counted, because presence cannot tell once from twice)
[frame] FRAME-LIFECYCLE-RAN
[frame] FRAME-LIFECYCLE-RAN
[frame] FRAME-LIFECYCLE-RAN
[frame] FRAME-LIFECYCLE-RAN
[frame] FRAME-LIFECYCLE-RAN
[frame] FRAME-LIFECYCLE-RAN
[frame] FRAME-LIFECYCLE-RAN
[frame] FRAME-LIFECYCLE-RAN
[frame] FRAME-LIFECYCLE-RAN
[frame] FRAME-LIFECYCLE-RAN
[frame] FRAME-LIFECYCLE-RAN
[frame] FRAME-LIFECYCLE-RAN
PASS: 12 sequential adopt/release cycles all run despite the 8-live-frame cap

all checks passed
